Archive member included to satisfy reference by file (symbol)

D:/devkitPro/libctru/lib\libctru.a(console.o)
                              wolf.o (consoleInit)
D:/devkitPro/libctru/lib\libctru.a(gfx.o)
                              D:/devkitPro/libctru/lib\libctru.a(console.o) (gfxSetScreenFormat)
D:/devkitPro/libctru/lib\libctru.a(thread.o)
                              render.o (threadCreate)
D:/devkitPro/libctru/lib\libctru.a(gx.o)
                              D:/devkitPro/libctru/lib\libctru.a(gfx.o) (gxCmdBuf)
D:/devkitPro/libctru/lib\libctru.a(gspgpu.o)
                              D:/devkitPro/libctru/lib\libctru.a(gfx.o) (gspInit)
D:/devkitPro/libctru/lib\libctru.a(apt.o)
                              wolf.o (aptMainLoop)
D:/devkitPro/libctru/lib\libctru.a(hid.o)
                              wolf.o (hidScanInput)
D:/devkitPro/libctru/lib\libctru.a(initSystem.o)
                              D:/devkitPro/libctru/lib\libctru.a(apt.o) (__system_retAddr)
D:/devkitPro/libctru/lib\libctru.a(syscalls.o)
                              D:/devkitPro/libctru/lib\libctru.a(initSystem.o) (__system_initSyscalls)
D:/devkitPro/libctru/lib\libctru.a(allocateHeaps.o)
                              D:/devkitPro/libctru/lib\libctru.a(initSystem.o) (__system_allocateHeaps)
D:/devkitPro/libctru/lib\libctru.a(initArgv.o)
                              D:/devkitPro/libctru/lib\libctru.a(initSystem.o) (__system_initArgv)
D:/devkitPro/libctru/lib\libctru.a(svc.o)
                              D:/devkitPro/libctru/lib\libctru.a(allocateHeaps.o) (svcControlMemory)
D:/devkitPro/libctru/lib\libctru.a(stack_adjust.o)
                              d:/devkitpro/devkitarm/bin/../lib/gcc/arm-none-eabi/9.1.0/../../../../arm-none-eabi/lib/armv6k/fpu/3dsx_crt0.o (initSystem)
D:/devkitPro/libctru/lib\libctru.a(default_font.bin.o)
                              D:/devkitPro/libctru/lib\libctru.a(console.o) (default_font_bin)
D:/devkitPro/libctru/lib\libctru.a(vram.o)
                              D:/devkitPro/libctru/lib\libctru.a(gfx.o) (vramAlloc)
D:/devkitPro/libctru/lib\libctru.a(mappable.o)
                              D:/devkitPro/libctru/lib\libctru.a(gfx.o) (mappableAlloc)
D:/devkitPro/libctru/lib\libctru.a(linear.o)
                              D:/devkitPro/libctru/lib\libctru.a(gfx.o) (linearAlloc)
D:/devkitPro/libctru/lib\libctru.a(mem_pool.o)
                              D:/devkitPro/libctru/lib\libctru.a(vram.o) (MemPool::Allocate(MemChunk&, unsigned long, int))
D:/devkitPro/libctru/lib\libctru.a(synchronization.o)
                              D:/devkitPro/libctru/lib\libctru.a(initSystem.o) (__sync_init)
D:/devkitPro/libctru/lib\libctru.a(os.o)
                              D:/devkitPro/libctru/lib\libctru.a(allocateHeaps.o) (osGetMemRegionUsed)
D:/devkitPro/libctru/lib\libctru.a(srv.o)
                              D:/devkitPro/libctru/lib\libctru.a(apt.o) (srvInit)
D:/devkitPro/libctru/lib\libctru.a(irrst.o)
                              D:/devkitPro/libctru/lib\libctru.a(hid.o) (irrstScanInput)
D:/devkitPro/libctru/lib\libctru.a(srvpm.o)
                              D:/devkitPro/libctru/lib\libctru.a(srv.o) (srvPmGetSessionHandle)
D:/devkitPro/libctru/lib\libctru.a(ptmsysm.o)
                              D:/devkitPro/libctru/lib\libctru.a(os.o) (ptmSysmInit)
D:/devkitPro/libctru/lib\libctru.a(rbtree_init.o)
                              D:/devkitPro/libctru/lib\libctru.a(vram.o) (rbtree_init)
D:/devkitPro/libctru/lib\libctru.a(rbtree_insert.o)
                              D:/devkitPro/libctru/lib\libctru.a(vram.o) (rbtree_insert)
D:/devkitPro/libctru/lib\libctru.a(rbtree_rotate.o)
                              D:/devkitPro/libctru/lib\libctru.a(rbtree_insert.o) (rbtree_rotate)
D:/devkitPro/libctru/lib\libctru.a(rbtree_remove.o)
                              D:/devkitPro/libctru/lib\libctru.a(vram.o) (rbtree_remove)
D:/devkitPro/libctru/lib\libctru.a(rbtree_find.o)
                              D:/devkitPro/libctru/lib\libctru.a(vram.o) (rbtree_find)
D:/devkitPro/libctru/lib\libctru.a(appInit.o)
                              D:/devkitPro/libctru/lib\libctru.a(stack_adjust.o) (__appInit)
D:/devkitPro/libctru/lib\libctru.a(appExit.o)
                              D:/devkitPro/libctru/lib\libctru.a(stack_adjust.o) (__appExit)
D:/devkitPro/libctru/lib\libctru.a(ctru_exit.o)
                              D:/devkitPro/libctru/lib\libctru.a(stack_adjust.o) (__libctru_exit)
D:/devkitPro/libctru/lib\libctru.a(env.o)
                              D:/devkitPro/libctru/lib\libctru.a(srv.o) (envGetHandle)
D:/devkitPro/libctru/lib\libctru.a(sdmc_dev.o)
                              D:/devkitPro/libctru/lib\libctru.a(appInit.o) (sdmcInit)
D:/devkitPro/libctru/lib\libctru.a(fs.o)
                              D:/devkitPro/libctru/lib\libctru.a(appInit.o) (fsInit)
D:/devkitPro/libctru/lib\libctru.a(rbtree_iterator.o)
[...]
Memory Configuration

Name             Origin             Length             Attributes
*default*        0x0000000000000000 0xffffffffffffffff

Linker script and memory map

                0x0000000000100000                PROVIDE (__start__ = 0x100000)
                0x0000000000100000                . = __start__

.text           0x0000000000100000    0x1d85c
 *(.crt0)
 .crt0          0x0000000000100000       0x94 d:/devkitpro/devkitarm/bin/../lib/gcc/arm-none-eabi/9.1.0/../../../../arm-none-eabi/lib/armv6k/fpu/3dsx_crt0.o
                0x0000000000100000                _start
                0x0000000000100008                __service_ptr
                0x000000000010000c                __apt_appid
                0x0000000000100010                __heap_size
                0x0000000000100014                __linear_heap_size
                0x0000000000100018                __system_arglist
                0x000000000010001c                __system_runflags
 *(.init)
 .init          0x0000000000100094        0xc d:/devkitpro/devkitarm/bin/../lib/gcc/arm-none-eabi/9.1.0/armv6k/fpu/crti.o
                0x0000000000100094                _init
 .init          0x00000000001000a0        0xc d:/devkitpro/devkitarm/bin/../lib/gcc/arm-none-eabi/9.1.0/armv6k/fpu/crtn.o
                0x00000000001000ac                . = ALIGN (0x4)
 *(.text)
 .text          0x00000000001000ac       0x64 D:/devkitPro/libctru/lib\libctru.a(stack_adjust.o)
                0x00000000001000ac                initSystem
                0x00000000001000f0                __ctru_exit
 .text          0x0000000000100110      0x20c d:/devkitpro/devkitarm/bin/../lib/gcc/arm-none-eabi/9.1.0/armv6k/fpu\libgcc.a(_udivsi3.o)
                0x0000000000100110                __aeabi_uidiv
                0x0000000000100110                __udivsi3
                0x00000000001002fc                __aeabi_uidivmod
 .text          0x000000000010031c      0x240 d:/devkitpro/devkitarm/bin/../lib/gcc/arm-none-eabi/9.1.0/armv6k/fpu\libgcc.a(_divsi3.o)
                0x000000000010031c                __divsi3
                0x000000000010031c                __aeabi_idiv
                0x000000000010053c                __aeabi_idivmod
 .text          0x000000000010055c        0x4 d:/devkitpro/devkitarm/bin/../lib/gcc/arm-none-eabi/9.1.0/armv6k/fpu\libgcc.a(_dvmd_tls.o)
                0x000000000010055c                __aeabi_idiv0
                0x000000000010055c                __aeabi_ldiv0
 .text          0x0000000000100560       0x3c d:/devkitpro/devkitarm/bin/../lib/gcc/arm-none-eabi/9.1.0/armv6k/fpu\libgcc.a(_aeabi_uldivmod.o)
                0x0000000000100560                __aeabi_uldivmod
 *fill*         0x000000000010059c        0x4 
 .text          0x00000000001005a0      0x390 d:/devkitpro/devkitarm/bin/../lib/gcc/arm-none-eabi/9.1.0/../../../../arm-none-eabi/lib/armv6k/fpu\libg.a(lib_a-strcmp.o)
                0x00000000001005a8                strcmp
 .text          0x0000000000100930      0x3c0 d:/devkitpro/devkitarm/bin/../lib/gcc/arm-none-eabi/9.1.0/armv6k/fpu\libgcc.a(_arm_addsubdf3.o)
                0x0000000000100930                __aeabi_drsub
                0x0000000000100938                __aeabi_dsub
                0x0000000000100938                __subdf3
                0x000000000010093c                __aeabi_dadd
                0x000000000010093c                __adddf3
                0x0000000000100be8                __floatunsidf
                0x0000000000100be8                __aeabi_ui2d
                0x0000000000100c0c                __floatsidf
                0x0000000000100c0c                __aeabi_i2d
                0x0000000000100c34                __aeabi_f2d
                0x0000000000100c34                __extendsfdf2
                0x0000000000100c7c                __floatundidf
                0x0000000000100c7c                __aeabi_ul2d
                0x0000000000100c90                __floatdidf
                0x0000000000100c90                __aeabi_l2d
 *(.text.*)
 .text.deregister_tm_clones
                0x0000000000100cf0       0x2c d:/devkitpro/devkitarm/bin/../lib/gcc/arm-none-eabi/9.1.0/armv6k/fpu/crtbegin.o
 .text.register_tm_clones
                0x0000000000100d1c       0x38 d:/devkitpro/devkitarm/bin/../lib/gcc/arm-none-eabi/9.1.0/armv6k/fpu/crtbegin.o
 .text.__do_global_dtors_aux
                0x0000000000100d54       0x44 d:/devkitpro/devkitarm/bin/../lib/gcc/arm-none-eabi/9.1.0/armv6k/fpu/crtbegin.o
 .text.frame_dummy
                0x0000000000100d98       0x34 d:/devkitpro/devkitarm/bin/../lib/gcc/arm-none-eabi/9.1.0/armv6k/fpu/crtbegin.o
 .text.ray_check
                0x0000000000100dcc       0xac render.o
                0x0000000000100dcc                ray_check
 .text.ray_prep
                0x0000000000100e78       0xc8 render.o
                0x0000000000100e78                ray_prep
 .text.rc_init  0x0000000000100f40      0x150 render.o
                0x0000000000100f40                rc_init
 .text.t_render
                0x0000000000101090       0xb8 render.o
                0x0000000000101090                t_render
 .text.render   0x0000000000101148       0xa0 render.o
                0x0000000000101148                render
 .text.draw_floor
                0x00000000001011e8       0x34 floor.o
                0x00000000001011e8                draw_floor
 *fill*         0x000000000010121c        0x4 
 .text.wolf_default
                0x0000000000101220      0x118 wolf.o
                0x0000000000101220                wolf_default
 .text.error_out
                0x0000000000101338       0x40 wolf.o
                0x0000000000101338                error_out
 .text.setup    0x0000000000101378      0x118 wolf.o
                0x0000000000101378                setup
 .text.startup.main
                0x0000000000101490       0xa4 wolf.o
                0x0000000000101490                main
 .text.comp_map
                0x0000000000101534       0x54 fileformat.o
                0x0000000000101534                comp_map
 .text.wall_stripe
                0x0000000000101588       0x84 draw.o
                0x0000000000101588                wall_stripe
 *fill*         0x000000000010160c        0x4 
 .text.move_l.part.0
                0x0000000000101610       0x70 move.o
 .text.move_lr  0x0000000000101680       0xe0 move.o
                0x0000000000101680                move_lr
 .text.move_fb  0x0000000000101760      0x1b0 move.o
                0x0000000000101760                move_fb
 .text.lab_move
                0x0000000000101910      0x144 interact.o
                0x0000000000101910                lab_move
 *fill*         0x0000000000101a54        0x4 
 .text.interact
                0x0000000000101a58       0xb8 interact.o
                0x0000000000101a58                interact
 .text.key_hold
                0x0000000000101b10       0x80 key_input.o
                0x0000000000101b10                key_hold
 .text.key_release
                0x0000000000101b90       0x9c key_input.o
                0x0000000000101b90                key_release
 *fill*         0x0000000000101c2c        0x4 
 .text.move     0x0000000000101c30       0xe4 key_input.o
                0x0000000000101c30                move
 .text.ft_bzero
                0x0000000000101d14       0x28 ft_bzero.o
                0x0000000000101d14                ft_bzero
 .text.ft_strdup
                0x0000000000101d3c       0x88 ft_strdup.o
                0x0000000000101d3c                ft_strdup
 .text.consoleDrawChar
                0x0000000000101dc4      0x1b8 D:/devkitPro/libctru/lib\libctru.a(console.o)
                0x0000000000101dc4                consoleDrawChar
 .text.consolePrintChar
                0x0000000000101f7c      0x124 D:/devkitPro/libctru/lib\libctru.a(console.o)
                0x0000000000101f7c                consolePrintChar
 .text.consoleCls
                0x00000000001020a0      0x15c D:/devkitPro/libctru/lib\libctru.a(console.o)
 .text.consoleInit
                0x00000000001021fc      0x104 D:/devkitPro/libctru/lib\libctru.a(console.o)
                0x00000000001021fc                consoleInit
 .text.consoleClearLine
                0x0000000000102300      0x10c D:/devkitPro/libctru/lib\libctru.a(console.o)
 .text.newRow   0x000000000010240c       0xc4 D:/devkitPro/libctru/lib\libctru.a(console.o)
 .text.con_write
                0x00000000001024d0      0x7cc D:/devkitPro/libctru/lib\libctru.a(console.o)
                0x00000000001024d0                con_write
 .text.gfxSetFramebufferInfo.part.0
                0x0000000000102c9c       0x8c D:/devkitPro/libctru/lib\libctru.a(gfx.o)
 .text.gfxSetFramebufferInfo
                0x0000000000102d28       0x6c D:/devkitPro/libctru/lib\libctru.a(gfx.o)
 .text.gfxGetFramebuffer.part.0
                0x0000000000102d94       0x58 D:/devkitPro/libctru/lib\libctru.a(gfx.o)
 .text.__get_bytes_per_pixel
                0x0000000000102dec       0x18 D:/devkitPro/libctru/lib\libctru.a(gfx.o)
                0x0000000000102dec                __get_bytes_per_pixel
 .text.gfxSetScreenFormat
                0x0000000000102e04      0x184 D:/devkitPro/libctru/lib\libctru.a(gfx.o)
                0x0000000000102e04                gfxSetScreenFormat
 .text.gfxSetDoubleBuffering
                0x0000000000102f88       0x10 D:/devkitPro/libctru/lib\libctru.a(gfx.o)
                0x0000000000102f88                gfxSetDoubleBuffering
 .text.gfxInit  0x0000000000102f98      0x214 D:/devkitPro/libctru/lib\libctru.a(gfx.o)
                0x0000000000102f98                gfxInit
 .text.gfxExit  0x00000000001031ac       0xe0 D:/devkitPro/libctru/lib\libctru.a(gfx.o)
                0x00000000001031ac                gfxExit
 .text.gfxGetFramebuffer
                0x000000000010328c       0x64 D:/devkitPro/libctru/lib\libctru.a(gfx.o)
                0x000000000010328c                gfxGetFramebuffer
 .text.gfxFlushBuffers
                0x00000000001032f0       0xcc D:/devkitPro/libctru/lib\libctru.a(gfx.o)
                0x00000000001032f0                gfxFlushBuffers
 .text.gfxConfigScreen
                0x00000000001033bc       0xf4 D:/devkitPro/libctru/lib\libctru.a(gfx.o)
                0x00000000001033bc                gfxConfigScreen
 .text.gfxSwapBuffersGpu
                0x00000000001034b0       0x20 D:/devkitPro/libctru/lib\libctru.a(gfx.o)
                0x00000000001034b0                gfxSwapBuffersGpu
 .text.threadFree.part.0
                0x00000000001034d0       0x1c D:/devkitPro/libctru/lib\libctru.a(thread.o)
 .text.threadCreate
                0x00000000001034ec      0x180 D:/devkitPro/libctru/lib\libctru.a(thread.o)
                0x00000000001034ec                threadCreate
 .text.threadFree
                0x000000000010366c       0x18 D:/devkitPro/libctru/lib\libctru.a(thread.o)
                0x000000000010366c                threadFree
 .text.threadJoin
                0x0000000000103684       0x24 D:/devkitPro/libctru/lib\libctru.a(thread.o)
                0x0000000000103684                threadJoin
 .text.threadExit
                0x00000000001036a8       0x68 D:/devkitPro/libctru/lib\libctru.a(thread.o)
                0x00000000001036a8                threadExit
 .text._thread_begin
                0x0000000000103710       0x48 D:/devkitPro/libctru/lib\libctru.a(thread.o)
 .text.gspInit  0x0000000000103758       0x74 D:/devkitPro/libctru/lib\libctru.a(gspgpu.o)
                0x0000000000103758                gspInit
 .text.gspExit  0x00000000001037cc       0x3c D:/devkitPro/libctru/lib\libctru.a(gspgpu.o)
                0x00000000001037cc                gspExit
 .text.gspInitEventHandler
                0x0000000000103808       0xa4 D:/devkitPro/libctru/lib\libctru.a(gspgpu.o)
                0x0000000000103808                gspInitEventHandler
 .text.gspExitEventHandler
                0x00000000001038ac       0x40 D:/devkitPro/libctru/lib\libctru.a(gspgpu.o)
                0x00000000001038ac                gspExitEventHandler
 .text.gspWaitForEvent
                0x00000000001038ec       0x50 D:/devkitPro/libctru/lib\libctru.a(gspgpu.o)
                0x00000000001038ec                gspWaitForEvent
 .text.gxCmdQueueInterrupt
                0x000000000010393c        0x4 D:/devkitPro/libctru/lib\libctru.a(gspgpu.o)
                0x000000000010393c                gxCmdQueueInterrupt
 .text.gspEventThreadMain
                0x0000000000103940      0x178 D:/devkitPro/libctru/lib\libctru.a(gspgpu.o)
 .text.GSPGPU_SetBufferSwap
                0x0000000000103ab8       0x6c D:/devkitPro/libctru/lib\libctru.a(gspgpu.o)
                0x0000000000103ab8                GSPGPU_SetBufferSwap
 .text.GSPGPU_FlushDataCache
                0x0000000000103b24       0x4c D:/devkitPro/libctru/lib\libctru.a(gspgpu.o)
                0x0000000000103b24                GSPGPU_FlushDataCache
 .text.GSPGPU_SetLcdForceBlack
                0x0000000000103b70       0x34 D:/devkitPro/libctru/lib\libctru.a(gspgpu.o)
                0x0000000000103b70                GSPGPU_SetLcdForceBlack
 .text.GSPGPU_RegisterInterruptRelayQueue
                0x0000000000103ba4       0x64 D:/devkitPro/libctru/lib\libctru.a(gspgpu.o)
                0x0000000000103ba4                GSPGPU_RegisterInterruptRelayQueue
 .text.GSPGPU_UnregisterInterruptRelayQueue
                0x0000000000103c08       0x2c D:/devkitPro/libctru/lib\libctru.a(gspgpu.o)
                0x0000000000103c08                GSPGPU_UnregisterInterruptRelayQueue
 .text.GSPGPU_AcquireRight
                0x0000000000103c34       0x48 D:/devkitPro/libctru/lib\libctru.a(gspgpu.o)
                0x0000000000103c34                GSPGPU_AcquireRight
 .text.GSPGPU_ReleaseRight
                0x0000000000103c7c       0x2c D:/devkitPro/libctru/lib\libctru.a(gspgpu.o)
                0x0000000000103c7c                GSPGPU_ReleaseRight
 .text.GSPGPU_ImportDisplayCaptureInfo
                0x0000000000103ca8       0x80 D:/devkitPro/libctru/lib\libctru.a(gspgpu.o)
                0x0000000000103ca8                GSPGPU_ImportDisplayCaptureInfo
 .text.GSPGPU_SaveVramSysArea
                0x0000000000103d28       0x2c D:/devkitPro/libctru/lib\libctru.a(gspgpu.o)
                0x0000000000103d28                GSPGPU_SaveVramSysArea
 .text.GSPGPU_RestoreVramSysArea
                0x0000000000103d54       0x2c D:/devkitPro/libctru/lib\libctru.a(gspgpu.o)
                0x0000000000103d54                GSPGPU_RestoreVramSysArea
 .text._aptDebug
                0x0000000000103d80        0x4 D:/devkitPro/libctru/lib\libctru.a(apt.o)
                0x0000000000103d80                _aptDebug
 .text.aptSendCommand
                0x0000000000103d84      0x170 D:/devkitPro/libctru/lib\libctru.a(apt.o)
                0x0000000000103d84                aptSendCommand
 .text.aptExitProcess
                0x0000000000103ef4       0x3c D:/devkitPro/libctru/lib\libctru.a(apt.o)
 .text.APT_InquireNotification
                0x0000000000103f30       0x50 D:/devkitPro/libctru/lib\libctru.a(apt.o)
                0x0000000000103f30                APT_InquireNotification
 .text.aptEventHandler
                0x0000000000103f80      0x194 D:/devkitPro/libctru/lib\libctru.a(apt.o)
 .text.APT_AppletUtility
                0x0000000000104114       0x74 D:/devkitPro/libctru/lib\libctru.a(apt.o)
                0x0000000000104114                APT_AppletUtility
 .text.aptSetSleepAllowed
                0x0000000000104188       0xb0 D:/devkitPro/libctru/lib\libctru.a(apt.o)
                0x0000000000104188                aptSetSleepAllowed
 .text.APT_GlanceParameter
                0x0000000000104238       0xb4 D:/devkitPro/libctru/lib\libctru.a(apt.o)
                0x0000000000104238                APT_GlanceParameter
 .text.APT_ReceiveParameter
                0x00000000001042ec       0xc8 D:/devkitPro/libctru/lib\libctru.a(apt.o)
                0x00000000001042ec                APT_ReceiveParameter
 .text.aptReceiveParameter.constprop.0
                0x00000000001043b4       0xbc D:/devkitPro/libctru/lib\libctru.a(apt.o)
 .text.aptScreenTransfer
                0x0000000000104470      0x1e0 D:/devkitPro/libctru/lib\libctru.a(apt.o)
 .text.aptWaitForWakeUp
                0x0000000000104650      0x210 D:/devkitPro/libctru/lib\libctru.a(apt.o)
 .text.APT_CancelParameter
                0x0000000000104860       0x70 D:/devkitPro/libctru/lib\libctru.a(apt.o)
                0x0000000000104860                APT_CancelParameter
 .text.aptInit  0x00000000001048d0      0x25c D:/devkitPro/libctru/lib\libctru.a(apt.o)
                0x00000000001048d0                aptInit
 .text.aptClearParamQueue
                0x0000000000104b2c       0x88 D:/devkitPro/libctru/lib\libctru.a(apt.o)
 .text.aptMainLoop
                0x0000000000104bb4      0x264 D:/devkitPro/libctru/lib\libctru.a(apt.o)
                0x0000000000104bb4                aptMainLoop
 .text.aptExit  0x0000000000104e18      0x254 D:/devkitPro/libctru/lib\libctru.a(apt.o)
                0x0000000000104e18                aptExit
 .text.APT_CheckNew3DS
                0x000000000010506c       0x7c D:/devkitPro/libctru/lib\libctru.a(apt.o)
                0x000000000010506c                APT_CheckNew3DS
 .text.hidCheckSectionUpdateTime.part.0
                0x00000000001050e8       0x28 D:/devkitPro/libctru/lib\libctru.a(hid.o)
 .text.hidExit  0x0000000000105110       0xd0 D:/devkitPro/libctru/lib\libctru.a(hid.o)
                0x0000000000105110                hidExit
 .text.hidScanInput
                0x00000000001051e0      0x1d8 D:/devkitPro/libctru/lib\libctru.a(hid.o)
                0x00000000001051e0                hidScanInput
 .text.hidKeysDown
                0x00000000001053b8       0x10 D:/devkitPro/libctru/lib\libctru.a(hid.o)
                0x00000000001053b8                hidKeysDown
 .text.hidKeysUp
                0x00000000001053c8       0x10 D:/devkitPro/libctru/lib\libctru.a(hid.o)
                0x00000000001053c8                hidKeysUp
 .text.hidCircleRead
                0x00000000001053d8       0x18 D:/devkitPro/libctru/lib\libctru.a(hid.o)
                0x00000000001053d8                hidCircleRead
 .text.HIDUSER_GetHandles
                0x00000000001053f0       0x90 D:/devkitPro/libctru/lib\libctru.a(hid.o)
                0x00000000001053f0                HIDUSER_GetHandles
 .text.hidInit  0x0000000000105480      0x1a4 D:/devkitPro/libctru/lib\libctru.a(hid.o)
                0x0000000000105480                hidInit
 .text.__libctru_init
                0x0000000000105624       0x38 D:/devkitPro/libctru/lib\libctru.a(initSystem.o)
                0x0000000000105624                __libctru_init
 .text.__libctru_nanosleep
                0x000000000010565c       0x34 D:/devkitPro/libctru/lib\libctru.a(syscalls.o)
 .text.__ctru_get_reent
                0x0000000000105690       0x30 D:/devkitPro/libctru/lib\libctru.a(syscalls.o)
 .text.__system_initSyscalls
                0x00000000001056c0       0xfc D:/devkitPro/libctru/lib\libctru.a(syscalls.o)
                0x00000000001056c0                __system_initSyscalls
 .text.__system_allocateHeaps
                0x00000000001057bc      0x100 D:/devkitPro/libctru/lib\libctru.a(allocateHeaps.o)
                0x00000000001057bc                __system_allocateHeaps
 .text.__system_initArgv
                0x00000000001058bc       0xf0 D:/devkitPro/libctru/lib\libctru.a(initArgv.o)
                0x00000000001058bc                __system_initArgv
 .text.svcControlMemory
                0x00000000001059ac       0x20 D:/devkitPro/libctru/lib\libctru.a(svc.o)
                0x00000000001059ac                svcControlMemory
 .text.svcExitProcess
                0x00000000001059cc        0x8 D:/devkitPro/libctru/lib\libctru.a(svc.o)
                0x00000000001059cc                svcExitProcess
 .text.svcCreateThread
                0x00000000001059d4       0x20 D:/devkitPro/libctru/lib\libctru.a(svc.o)
                0x00000000001059d4                svcCreateThread
 .text.svcExitThread
                0x00000000001059f4        0x8 D:/devkitPro/libctru/lib\libctru.a(svc.o)
                0x00000000001059f4                svcExitThread
 .text.svcSleepThread
                0x00000000001059fc        0x8 D:/devkitPro/libctru/lib\libctru.a(svc.o)
                0x00000000001059fc                svcSleepThread
 .text.svcReleaseMutex
                0x0000000000105a04        0x8 D:/devkitPro/libctru/lib\libctru.a(svc.o)
                0x0000000000105a04                svcReleaseMutex
 .text.svcCreateEvent
                0x0000000000105a0c       0x14 D:/devkitPro/libctru/lib\libctru.a(svc.o)
                0x0000000000105a0c                svcCreateEvent
 .text.svcSignalEvent
                0x0000000000105a20        0x8 D:/devkitPro/libctru/lib\libctru.a(svc.o)
                0x0000000000105a20                svcSignalEvent
 .text.svcClearEvent
                0x0000000000105a28        0x8 D:/devkitPro/libctru/lib\libctru.a(svc.o)
                0x0000000000105a28                svcClearEvent
 .text.svcMapMemoryBlock
                0x0000000000105a30        0x8 D:/devkitPro/libctru/lib\libctru.a(svc.o)
                0x0000000000105a30                svcMapMemoryBlock
 .text.svcUnmapMemoryBlock
                0x0000000000105a38        0x8 D:/devkitPro/libctru/lib\libctru.a(svc.o)
                0x0000000000105a38                svcUnmapMemoryBlock
 .text.svcCreateAddressArbiter
                0x0000000000105a40       0x14 D:/devkitPro/libctru/lib\libctru.a(svc.o)
                0x0000000000105a40                svcCreateAddressArbiter
 .text.svcArbitrateAddress
                0x0000000000105a54       0x18 D:/devkitPro/libctru/lib\libctru.a(svc.o)
                0x0000000000105a54                svcArbitrateAddress
 .text.svcCloseHandle
                0x0000000000105a6c        0x8 D:/devkitPro/libctru/lib\libctru.a(svc.o)
                0x0000000000105a6c                svcCloseHandle
 .text.svcWaitSynchronization
                0x0000000000105a74        0x8 D:/devkitPro/libctru/lib\libctru.a(svc.o)
                0x0000000000105a74                svcWaitSynchronization
 .text.svcWaitSynchronizationN
                0x0000000000105a7c       0x28 D:/devkitPro/libctru/lib\libctru.a(svc.o)
                0x0000000000105a7c                svcWaitSynchronizationN
 .text.svcDuplicateHandle
                0x0000000000105aa4       0x14 D:/devkitPro/libctru/lib\libctru.a(svc.o)
                0x0000000000105aa4                svcDuplicateHandle
 .text.svcGetSystemTick
                0x0000000000105ab8        0x8 D:/devkitPro/libctru/lib\libctru.a(svc.o)
                0x0000000000105ab8                svcGetSystemTick
 .text.svcGetSystemInfo
                0x0000000000105ac0       0x18 D:/devkitPro/libctru/lib\libctru.a(svc.o)
                0x0000000000105ac0                svcGetSystemInfo
 .text.svcConnectToPort
                0x0000000000105ad8       0x14 D:/devkitPro/libctru/lib\libctru.a(svc.o)
                0x0000000000105ad8                svcConnectToPort
 .text.svcSendSyncRequest
                0x0000000000105aec        0x8 D:/devkitPro/libctru/lib\libctru.a(svc.o)
                0x0000000000105aec                svcSendSyncRequest
 .text.svcBreak
                0x0000000000105af4        0x8 D:/devkitPro/libctru/lib\libctru.a(svc.o)
                0x0000000000105af4                svcBreak
 .text._ZL21addrMapNodeComparatorPK11rbtree_nodeS1_
                0x0000000000105afc       0x24 D:/devkitPro/libctru/lib\libctru.a(vram.o)
 .text._ZL21addrMapNodeDestructorP11rbtree_node
                0x0000000000105b20        0x4 D:/devkitPro/libctru/lib\libctru.a(vram.o)
 .text.vramMemAlign
                0x0000000000105b24      0x114 D:/devkitPro/libctru/lib\libctru.a(vram.o)
                0x0000000000105b24                vramMemAlign
 .text.vramAlloc
                0x0000000000105c38        0x8 D:/devkitPro/libctru/lib\libctru.a(vram.o)
                0x0000000000105c38                vramAlloc
 .text.vramFree
                0x0000000000105c40       0x54 D:/devkitPro/libctru/lib\libctru.a(vram.o)
                0x0000000000105c40                vramFree
 .text._ZL21addrMapNodeComparatorPK11rbtree_nodeS1_
                0x0000000000105c94       0x24 D:/devkitPro/libctru/lib\libctru.a(mappable.o)
 .text._ZL21addrMapNodeDestructorP11rbtree_node
                0x0000000000105cb8        0x4 D:/devkitPro/libctru/lib\libctru.a(mappable.o)
 .text.mappableAlloc
                0x0000000000105cbc       0xe8 D:/devkitPro/libctru/lib\libctru.a(mappable.o)
                0x0000000000105cbc                mappableAlloc
 .text.mappableFree
                0x0000000000105da4       0x54 D:/devkitPro/libctru/lib\libctru.a(mappable.o)
                0x0000000000105da4                mappableFree
 .text._ZL21addrMapNodeComparatorPK11rbtree_nodeS1_
                0x0000000000105df8       0x24 D:/devkitPro/libctru/lib\libctru.a(linear.o)
 .text._ZL21addrMapNodeDestructorP11rbtree_node
                0x0000000000105e1c        0x4 D:/devkitPro/libctru/lib\libctru.a(linear.o)
 .text.linearMemAlign
                0x0000000000105e20      0x124 D:/devkitPro/libctru/lib\libctru.a(linear.o)
                0x0000000000105e20                linearMemAlign
 .text.linearAlloc
                0x0000000000105f44        0x8 D:/devkitPro/libctru/lib\libctru.a(linear.o)
                0x0000000000105f44                linearAlloc
 .text.linearFree
                0x0000000000105f4c       0x54 D:/devkitPro/libctru/lib\libctru.a(linear.o)
                0x0000000000105f4c                linearFree
 .text._ZN7MemPool13CoalesceRightEP8MemBlock
                0x0000000000105fa0       0x8c D:/devkitPro/libctru/lib\libctru.a(mem_pool.o)
                0x0000000000105fa0                MemPool::CoalesceRight(MemBlock*)
 .text._ZN7MemPool8AllocateER8MemChunkmi
                0x000000000010602c      0x174 D:/devkitPro/libctru/lib\libctru.a(mem_pool.o)
                0x000000000010602c                MemPool::Allocate(MemChunk&, unsigned long, int)
 .text._ZN7MemPool10DeallocateERK8MemChunk
                0x00000000001061a0       0xfc D:/devkitPro/libctru/lib\libctru.a(mem_pool.o)
                0x00000000001061a0                MemPool::Deallocate(MemChunk const&)
 .text.LightLock_Unlock.part.0
                0x000000000010629c       0x38 D:/devkitPro/libctru/lib\libctru.a(synchronization.o)
 .text.__sync_init
                0x00000000001062d4        0xc D:/devkitPro/libctru/lib\libctru.a(synchronization.o)
                0x00000000001062d4                __sync_init
 .text.__sync_fini
                0x00000000001062e0       0x18 D:/devkitPro/libctru/lib\libctru.a(synchronization.o)
                0x00000000001062e0                __sync_fini
 .text.__sync_get_arbiter
                0x00000000001062f8       0x10 D:/devkitPro/libctru/lib\libctru.a(synchronization.o)
                0x00000000001062f8                __sync_get_arbiter
 .text.LightLock_Init
                0x0000000000106308       0x18 D:/devkitPro/libctru/lib\libctru.a(synchronization.o)
                0x0000000000106308                LightLock_Init
 .text.LightLock_Lock
                0x0000000000106320       0x90 D:/devkitPro/libctru/lib\libctru.a(synchronization.o)
                0x0000000000106320                LightLock_Lock
 .text.LightLock_TryLock
                0x00000000001063b0       0x34 D:/devkitPro/libctru/lib\libctru.a(synchronization.o)
                0x00000000001063b0                LightLock_TryLock
 .text.LightLock_Unlock
                0x00000000001063e4       0x20 D:/devkitPro/libctru/lib\libctru.a(synchronization.o)
                0x00000000001063e4                LightLock_Unlock
 .text.RecursiveLock_Init
                0x0000000000106404       0x24 D:/devkitPro/libctru/lib\libctru.a(synchronization.o)
                0x0000000000106404                RecursiveLock_Init
 .text.RecursiveLock_Lock
                0x0000000000106428       0x30 D:/devkitPro/libctru/lib\libctru.a(synchronization.o)
                0x0000000000106428                RecursiveLock_Lock
 .text.RecursiveLock_TryLock
                0x0000000000106458       0x58 D:/devkitPro/libctru/lib\libctru.a(synchronization.o)
                0x0000000000106458                RecursiveLock_TryLock
 .text.RecursiveLock_Unlock
                0x00000000001064b0       0x38 D:/devkitPro/libctru/lib\libctru.a(synchronization.o)
                0x00000000001064b0                RecursiveLock_Unlock
 .text.LightEvent_Init
                0x00000000001064e8       0x38 D:/devkitPro/libctru/lib\libctru.a(synchronization.o)
                0x00000000001064e8                LightEvent_Init
 .text.LightEvent_Clear
                0x0000000000106520       0x7c D:/devkitPro/libctru/lib\libctru.a(synchronization.o)
                0x0000000000106520                LightEvent_Clear
 .text.LightEvent_Signal
                0x000000000010659c       0xdc D:/devkitPro/libctru/lib\libctru.a(synchronization.o)
                0x000000000010659c                LightEvent_Signal
 .text.LightEvent_Wait
                0x0000000000106678       0xc0 D:/devkitPro/libctru/lib\libctru.a(synchronization.o)
                0x0000000000106678                LightEvent_Wait
 .text.getSysTime
                0x0000000000106738       0x58 D:/devkitPro/libctru/lib\libctru.a(os.o)
 .text.__ctru_speedup_config.part.0
                0x0000000000106790       0x28 D:/devkitPro/libctru/lib\libctru.a(os.o)
 .text.osGetMemRegionUsed
                0x00000000001067b8       0x24 D:/devkitPro/libctru/lib\libctru.a(os.o)
                0x00000000001067b8                osGetMemRegionUsed
 *fill*         0x00000000001067dc        0x4 
 .text.__libctru_gtod
                0x00000000001067e0      0x128 D:/devkitPro/libctru/lib\libctru.a(os.o)
                0x00000000001067e0                __libctru_gtod
 .text.__ctru_speedup_config
                0x0000000000106908       0x18 D:/devkitPro/libctru/lib\libctru.a(os.o)
                0x0000000000106908                __ctru_speedup_config
 .text.srvExit  0x0000000000106920       0x58 D:/devkitPro/libctru/lib\libctru.a(srv.o)
                0x0000000000106920                srvExit
 .text.srvRegisterClient
                0x0000000000106978       0x38 D:/devkitPro/libctru/lib\libctru.a(srv.o)
                0x0000000000106978                srvRegisterClient
 .text.srvInit  0x00000000001069b0       0xcc D:/devkitPro/libctru/lib\libctru.a(srv.o)
                0x00000000001069b0                srvInit
 .text.srvGetServiceHandleDirect
                0x0000000000106a7c       0x80 D:/devkitPro/libctru/lib\libctru.a(srv.o)
                0x0000000000106a7c                srvGetServiceHandleDirect
 .text.srvGetServiceHandle
                0x0000000000106afc       0x48 D:/devkitPro/libctru/lib\libctru.a(srv.o)
                0x0000000000106afc                srvGetServiceHandle
 .text.irrstScanInput
                0x0000000000106b44       0xac D:/devkitPro/libctru/lib\libctru.a(irrst.o)
                0x0000000000106b44                irrstScanInput
 .text.irrstKeysHeld
                0x0000000000106bf0       0x24 D:/devkitPro/libctru/lib\libctru.a(irrst.o)
                0x0000000000106bf0                irrstKeysHeld
 .text.IRRST_GetHandles
                0x0000000000106c14       0x50 D:/devkitPro/libctru/lib\libctru.a(irrst.o)
                0x0000000000106c14                IRRST_GetHandles
 .text.irrstInit
                0x0000000000106c64      0x154 D:/devkitPro/libctru/lib\libctru.a(irrst.o)
                0x0000000000106c64                irrstInit
 .text.IRRST_Shutdown
                0x0000000000106db8       0x2c D:/devkitPro/libctru/lib\libctru.a(irrst.o)
                0x0000000000106db8                IRRST_Shutdown
 .text.irrstExit
                0x0000000000106de4       0xac D:/devkitPro/libctru/lib\libctru.a(irrst.o)
                0x0000000000106de4                irrstExit
 .text.srvPmGetSessionHandle
                0x0000000000106e90        0xc D:/devkitPro/libctru/lib\libctru.a(srvpm.o)
                0x0000000000106e90                srvPmGetSessionHandle
 .text.ptmSysmInit
                0x0000000000106e9c       0x74 D:/devkitPro/libctru/lib\libctru.a(ptmsysm.o)
                0x0000000000106e9c                ptmSysmInit
 .text.ptmSysmExit
                0x0000000000106f10       0x3c D:/devkitPro/libctru/lib\libctru.a(ptmsysm.o)
                0x0000000000106f10                ptmSysmExit
 .text.PTMSYSM_ConfigureNew3DSCPU
                0x0000000000106f4c       0x34 D:/devkitPro/libctru/lib\libctru.a(ptmsysm.o)
                0x0000000000106f4c                PTMSYSM_ConfigureNew3DSCPU
 .text.rbtree_init
                0x0000000000106f80       0x14 D:/devkitPro/libctru/lib\libctru.a(rbtree_init.o)
                0x0000000000106f80                rbtree_init
 .text.do_insert
                0x0000000000106f94      0x1a4 D:/devkitPro/libctru/lib\libctru.a(rbtree_insert.o)
 .text.rbtree_insert
                0x0000000000107138        0x8 D:/devkitPro/libctru/lib\libctru.a(rbtree_insert.o)
                0x0000000000107138                rbtree_insert
 .text.rbtree_rotate
                0x0000000000107140       0x90 D:/devkitPro/libctru/lib\libctru.a(rbtree_rotate.o)
                0x0000000000107140                rbtree_rotate
 .text.rbtree_remove
                0x00000000001071d0      0x334 D:/devkitPro/libctru/lib\libctru.a(rbtree_remove.o)
                0x00000000001071d0                rbtree_remove
 .text.rbtree_find
                0x0000000000107504       0x74 D:/devkitPro/libctru/lib\libctru.a(rbtree_find.o)
                0x0000000000107504                rbtree_find
 .text.__appInit
                0x0000000000107578       0x1c D:/devkitPro/libctru/lib\libctru.a(appInit.o)
                0x0000000000107578                __appInit
 .text.__appExit
                0x0000000000107594       0x1c D:/devkitPro/libctru/lib\libctru.a(appExit.o)
                0x0000000000107594                __appExit
 .text.__libctru_exit
                0x00000000001075b0       0xa0 D:/devkitPro/libctru/lib\libctru.a(ctru_exit.o)
                0x00000000001075b0                __libctru_exit
 .text.envGetHandle
                0x0000000000107650       0x84 D:/devkitPro/libctru/lib\libctru.a(env.o)
                0x0000000000107650                envGetHandle
 .text.envDestroyHandles
                0x00000000001076d4       0x4c D:/devkitPro/libctru/lib\libctru.a(env.o)
                0x00000000001076d4                envDestroyHandles
 .text.sdmc_link
                0x0000000000107720       0x14 D:/devkitPro/libctru/lib\libctru.a(sdmc_dev.o)
 .text.sdmc_dirreset
                0x0000000000107734       0x14 D:/devkitPro/libctru/lib\libctru.a(sdmc_dev.o)
 .text.sdmc_chmod
                0x0000000000107748       0x14 D:/devkitPro/libctru/lib\libctru.a(sdmc_dev.o)
 .text.error_cmp
                0x000000000010775c       0x24 D:/devkitPro/libctru/lib\libctru.a(sdmc_dev.o)
 .text.sdmc_translate_error
                0x0000000000107780       0x50 D:/devkitPro/libctru/lib\libctru.a(sdmc_dev.o)
 .text.sdmc_fsync
                0x00000000001077d0       0x34 D:/devkitPro/libctru/lib\libctru.a(sdmc_dev.o)
 .text.sdmc_ftruncate
                0x0000000000107804       0x54 D:/devkitPro/libctru/lib\libctru.a(sdmc_dev.o)
 .text.sdmc_statvfs
                0x0000000000107858       0xbc D:/devkitPro/libctru/lib\libctru.a(sdmc_dev.o)
 .text.sdmc_dirclose
                0x0000000000107914       0x38 D:/devkitPro/libctru/lib\libctru.a(sdmc_dev.o)
 .text.sdmc_dirnext
                0x000000000010794c      0x13c D:/devkitPro/libctru/lib\libctru.a(sdmc_dev.o)
 .text.sdmc_close
                0x0000000000107a88       0x34 D:/devkitPro/libctru/lib\libctru.a(sdmc_dev.o)
 .text.sdmc_fstat
                0x0000000000107abc       0x70 D:/devkitPro/libctru/lib\libctru.a(sdmc_dev.o)
 .text.sdmc_seek
                0x0000000000107b2c       0xd4 D:/devkitPro/libctru/lib\libctru.a(sdmc_dev.o)
 .text.sdmc_read
                0x0000000000107c00       0x78 D:/devkitPro/libctru/lib\libctru.a(sdmc_dev.o)
 .text.sdmc_write
                0x0000000000107c78       0xac D:/devkitPro/libctru/lib\libctru.a(sdmc_dev.o)
 .text.sdmc_utf16path
                0x0000000000107d24      0x1b0 D:/devkitPro/libctru/lib\libctru.a(sdmc_dev.o)
 .text.sdmc_rmdir
                0x0000000000107ed4       0x74 D:/devkitPro/libctru/lib\libctru.a(sdmc_dev.o)
 .text.sdmc_diropen
                0x0000000000107f48       0xa4 D:/devkitPro/libctru/lib\libctru.a(sdmc_dev.o)
 .text.sdmc_chdir
                0x0000000000107fec       0xac D:/devkitPro/libctru/lib\libctru.a(sdmc_dev.o)
 .text.sdmc_mkdir
                0x0000000000108098       0x98 D:/devkitPro/libctru/lib\libctru.a(sdmc_dev.o)
 .text.sdmc_rename
                0x0000000000108130      0x108 D:/devkitPro/libctru/lib\libctru.a(sdmc_dev.o)
 .text.sdmc_unlink
                0x0000000000108238       0x74 D:/devkitPro/libctru/lib\libctru.a(sdmc_dev.o)
 .text.sdmc_stat
                0x00000000001082ac      0x108 D:/devkitPro/libctru/lib\libctru.a(sdmc_dev.o)
 .text.sdmc_open
                0x00000000001083b4      0x198 D:/devkitPro/libctru/lib\libctru.a(sdmc_dev.o)
 .text.sdmc_fchmod
                0x000000000010854c       0x14 D:/devkitPro/libctru/lib\libctru.a(sdmc_dev.o)
 .text.sdmcInit
                0x0000000000108560      0x168 D:/devkitPro/libctru/lib\libctru.a(sdmc_dev.o)
                0x0000000000108560                sdmcInit
 .text.sdmcExit
                0x00000000001086c8       0x60 D:/devkitPro/libctru/lib\libctru.a(sdmc_dev.o)
                0x00000000001086c8                sdmcExit
 .text.fsSessionForArchive.part.0
                0x0000000000108728       0x28 D:/devkitPro/libctru/lib\libctru.a(fs.o)
 .text.fsInit   0x0000000000108750       0xc4 D:/devkitPro/libctru/lib\libctru.a(fs.o)
                0x0000000000108750                fsInit
 .text.fsExit   0x0000000000108814       0x3c D:/devkitPro/libctru/lib\libctru.a(fs.o)
                0x0000000000108814                fsExit
 .text.fsExemptFromSession
                0x0000000000108850       0x64 D:/devkitPro/libctru/lib\libctru.a(fs.o)
                0x0000000000108850                fsExemptFromSession
 .text.fsUnexemptFromSession
                0x00000000001088b4       0x5c D:/devkitPro/libctru/lib\libctru.a(fs.o)
                0x00000000001088b4                fsUnexemptFromSession
 .text.FSUSER_OpenFile
                0x0000000000108910       0xbc D:/devkitPro/libctru/lib\libctru.a(fs.o)
                0x0000000000108910                FSUSER_OpenFile
 .text.FSUSER_DeleteFile
                0x00000000001089cc       0xac D:/devkitPro/libctru/lib\libctru.a(fs.o)
                0x00000000001089cc                FSUSER_DeleteFile
 .text.FSUSER_RenameFile
                0x0000000000108a78       0xe8 D:/devkitPro/libctru/lib\libctru.a(fs.o)
                0x0000000000108a78                FSUSER_RenameFile
 .text.FSUSER_DeleteDirectory
                0x0000000000108b60       0xac D:/devkitPro/libctru/lib\libctru.a(fs.o)
                0x0000000000108b60                FSUSER_DeleteDirectory
 .text.FSUSER_CreateFile
                0x0000000000108c0c       0xc4 D:/devkitPro/libctru/lib\libctru.a(fs.o)
                0x0000000000108c0c                FSUSER_CreateFile
 .text.FSUSER_CreateDirectory
                0x0000000000108cd0       0xb4 D:/devkitPro/libctru/lib\libctru.a(fs.o)
                0x0000000000108cd0                FSUSER_CreateDirectory
 .text.FSUSER_RenameDirectory
                0x0000000000108d84       0xe8 D:/devkitPro/libctru/lib\libctru.a(fs.o)
                0x0000000000108d84                FSUSER_RenameDirectory
 .text.FSUSER_OpenDirectory
                0x0000000000108e6c       0xa0 D:/devkitPro/libctru/lib\libctru.a(fs.o)
                0x0000000000108e6c                FSUSER_OpenDirectory
 .text.FSUSER_OpenArchive
                0x0000000000108f0c       0x98 D:/devkitPro/libctru/lib\libctru.a(fs.o)
                0x0000000000108f0c                FSUSER_OpenArchive
 .text.FSUSER_CloseArchive
                0x0000000000108fa4       0x78 D:/devkitPro/libctru/lib\libctru.a(fs.o)
                0x0000000000108fa4                FSUSER_CloseArchive
 .text.FSUSER_GetSdmcArchiveResource
                0x000000000010901c       0x78 D:/devkitPro/libctru/lib\libctru.a(fs.o)
                0x000000000010901c                FSUSER_GetSdmcArchiveResource
 .text.FSUSER_IsSdmcWritable
                0x0000000000109094       0x64 D:/devkitPro/libctru/lib\libctru.a(fs.o)
                0x0000000000109094                FSUSER_IsSdmcWritable
 .text.FSFILE_Read
                0x00000000001090f8       0x5c D:/devkitPro/libctru/lib\libctru.a(fs.o)
                0x00000000001090f8                FSFILE_Read
 .text.FSFILE_Write
                0x0000000000109154       0x64 D:/devkitPro/libctru/lib\libctru.a(fs.o)
                0x0000000000109154                FSFILE_Write
 .text.FSFILE_GetSize
                0x00000000001091b8       0x38 D:/devkitPro/libctru/lib\libctru.a(fs.o)
                0x00000000001091b8                FSFILE_GetSize
 .text.FSFILE_SetSize
                0x00000000001091f0       0x28 D:/devkitPro/libctru/lib\libctru.a(fs.o)
                0x00000000001091f0                FSFILE_SetSize
 .text.FSFILE_Close
                0x0000000000109218       0x3c D:/devkitPro/libctru/lib\libctru.a(fs.o)
                0x0000000000109218                FSFILE_Close
 .text.FSFILE_Flush
                0x0000000000109254       0x24 D:/devkitPro/libctru/lib\libctru.a(fs.o)
                0x0000000000109254                FSFILE_Flush
 .text.FSDIR_Read
                0x0000000000109278       0x54 D:/devkitPro/libctru/lib\libctru.a(fs.o)
                0x0000000000109278                FSDIR_Read
 .text.FSDIR_Close
                0x00000000001092cc       0x3c D:/devkitPro/libctru/lib\libctru.a(fs.o)
                0x00000000001092cc                FSDIR_Close
 .text.rbtree_node_next
                0x0000000000109308       0x50 D:/devkitPro/libctru/lib\libctru.a(rbtree_iterator.o)
                0x0000000000109308                rbtree_node_next
 .text.utf16_to_utf8
                0x0000000000109358       0xe8 D:/devkitPro/libctru/lib\libctru.a(utf16_to_utf8.o)
                0x0000000000109358                utf16_to_utf8
 .text.decode_utf16
                0x0000000000109440       0x60 D:/devkitPro/libctru/lib\libctru.a(decode_utf16.o)
                0x0000000000109440                decode_utf16
 .text.decode_utf8
                0x00000000001094a0      0x138 D:/devkitPro/libctru/lib\libctru.a(decode_utf8.o)
                0x00000000001094a0                decode_utf8
 .text.utf8_to_utf16
                0x00000000001095d8       0xc0 D:/devkitPro/libctru/lib\libctru.a(utf8_to_utf16.o)
                0x00000000001095d8                utf8_to_utf16
 .text.__aeabi_read_tp
                0x0000000000109698        0xc D:/devkitPro/libctru/lib\libctru.a(readtp.o)
                0x0000000000109698                __aeabi_read_tp
 .text.encode_utf16
                0x00000000001096a4       0x68 D:/devkitPro/libctru/lib\libctru.a(encode_utf16.o)
                0x00000000001096a4                encode_utf16
 .text.encode_utf8
                0x000000000010970c      0x104 D:/devkitPro/libctru/lib\libctru.a(encode_utf8.o)
                0x000000000010970c                encode_utf8
 .text.__fixdfdi
                0x0000000000109810       0x38 d:/devkitpro/devkitarm/bin/../lib/gcc/arm-none-eabi/9.1.0/armv6k/fpu\libgcc.a(_fixdfdi.o)
                0x0000000000109810                __fixdfdi
                0x0000000000109810                __aeabi_d2lz
 .text.__fixunsdfdi
                0x0000000000109848       0x40 d:/devkitpro/devkitarm/bin/../lib/gcc/arm-none-eabi/9.1.0/armv6k/fpu\libgcc.a(_fixunsdfdi.o)
                0x0000000000109848                __fixunsdfdi
                0x0000000000109848                __aeabi_d2ulz
 .text.__udivmoddi4
                0x0000000000109888      0x130 d:/devkitpro/devkitarm/bin/../lib/gcc/arm-none-eabi/9.1.0/armv6k/fpu\libgcc.a(_udivmoddi4.o)
                0x0000000000109888                __udivmoddi4
 .text.bsearch  0x00000000001099b8       0x7c d:/devkitpro/devkitarm/bin/../lib/gcc/arm-none-eabi/9.1.0/../../../../arm-none-eabi/lib/armv6k/fpu\libg.a(lib_a-bsearch.o)
                0x00000000001099b8                bsearch
 .text.exit     0x0000000000109a34       0x34 d:/devkitpro/devkitarm/bin/../lib/gcc/arm-none-eabi/9.1.0/../../../../arm-none-eabi/lib/armv6k/fpu\libg.a(lib_a-exit.o)
                0x0000000000109a34                exit
 .text.__libc_fini_array
                0x0000000000109a68       0x3c d:/devkitpro/devkitarm/bin/../lib/gcc/arm-none-eabi/9.1.0/../../../../arm-none-eabi/lib/armv6k/fpu\libg.a(lib_a-fini.o)
                0x0000000000109a68                __libc_fini_array
 .text.__libc_init_array
                0x0000000000109aa4       0x7c d:/devkitpro/devkitarm/bin/../lib/gcc/arm-none-eabi/9.1.0/../../../../arm-none-eabi/lib/armv6k/fpu\libg.a(lib_a-init.o)
                0x0000000000109aa4                __libc_init_array
 .text.memalign
                0x0000000000109b20       0x28 d:/devkitpro/devkitarm/bin/../lib/gcc/arm-none-eabi/9.1.0/../../../../arm-none-eabi/lib/armv6k/fpu\libg.a(lib_a-malign.o)
                0x0000000000109b20                memalign
 .text._memalign_r
                0x0000000000109b48      0x14c d:/devkitpro/devkitarm/bin/../lib/gcc/arm-none-eabi/9.1.0/../../../../arm-none-eabi/lib/armv6k/fpu\libg.a(lib_a-malignr.o)
                0x0000000000109b48                _memalign_r
 .text.malloc   0x0000000000109c94       0x20 d:/devkitpro/devkitarm/bin/../lib/gcc/arm-none-eabi/9.1.0/../../../../arm-none-eabi/lib/armv6k/fpu\libg.a(lib_a-malloc.o)
                0x0000000000109c94                malloc
 .text.free     0x0000000000109cb4       0x20 d:/devkitpro/devkitarm/bin/../lib/gcc/arm-none-eabi/9.1.0/../../../../arm-none-eabi/lib/armv6k/fpu\libg.a(lib_a-malloc.o)
                0x0000000000109cb4                free
 .text._malloc_r
                0x0000000000109cd4      0x7d0 d:/devkitpro/devkitarm/bin/../lib/gcc/arm-none-eabi/9.1.0/../../../../arm-none-eabi/lib/armv6k/fpu\libg.a(lib_a-mallocr.o)
                0x0000000000109cd4                _malloc_r
 .text.memchr   0x000000000010a4a4       0xe0 d:/devkitpro/devkitarm/bin/../lib/gcc/arm-none-eabi/9.1.0/../../../../arm-none-eabi/lib/armv6k/fpu\libg.a(lib_a-memchr-stub.o)
                0x000000000010a4a4                memchr
 .text.memcpy   0x000000000010a584      0x120 d:/devkitpro/devkitarm/bin/../lib/gcc/arm-none-eabi/9.1.0/../../../../arm-none-eabi/lib/armv6k/fpu\libg.a(lib_a-memcpy-stub.o)
                0x000000000010a584                memcpy
 .text.memset   0x000000000010a6a4      0x118 d:/devkitpro/devkitarm/bin/../lib/gcc/arm-none-eabi/9.1.0/../../../../arm-none-eabi/lib/armv6k/fpu\libg.a(lib_a-memset.o)
                0x000000000010a6a4                memset
 .text.__malloc_lock
                0x000000000010a7bc        0xc d:/devkitpro/devkitarm/bin/../lib/gcc/arm-none-eabi/9.1.0/../../../../arm-none-eabi/lib/armv6k/fpu\libg.a(lib_a-mlock.o)
                0x000000000010a7bc                __malloc_lock
 .text.__malloc_unlock
                0x000000000010a7c8        0xc d:/devkitpro/devkitarm/bin/../lib/gcc/arm-none-eabi/9.1.0/../../../../arm-none-eabi/lib/armv6k/fpu\libg.a(lib_a-mlock.o)
                0x000000000010a7c8                __malloc_unlock
 .text.printf   0x000000000010a7d4       0x34 d:/devkitpro/devkitarm/bin/../lib/gcc/arm-none-eabi/9.1.0/../../../../arm-none-eabi/lib/armv6k/fpu\libg.a(lib_a-printf.o)
                0x000000000010a7d4                printf
 .text.setvbuf  0x000000000010a808      0x260 d:/devkitpro/devkitarm/bin/../lib/gcc/arm-none-eabi/9.1.0/../../../../arm-none-eabi/lib/armv6k/fpu\libg.a(lib_a-setvbuf.o)
                0x000000000010a808                setvbuf
 .text.sscanf   0x000000000010aa68       0x74 d:/devkitpro/devkitarm/bin/../lib/gcc/arm-none-eabi/9.1.0/../../../../arm-none-eabi/lib/armv6k/fpu\libg.a(lib_a-sscanf.o)
                0x000000000010aa68                sscanf
 .text.__sread  0x000000000010aadc       0x3c d:/devkitpro/devkitarm/bin/../lib/gcc/arm-none-eabi/9.1.0/../../../../arm-none-eabi/lib/armv6k/fpu\libg.a(lib_a-stdio.o)
                0x000000000010aadc                __sread
 .text.__seofread
                0x000000000010ab18        0x8 d:/devkitpro/devkitarm/bin/../lib/gcc/arm-none-eabi/9.1.0/../../../../arm-none-eabi/lib/armv6k/fpu\libg.a(lib_a-stdio.o)
                0x000000000010ab18                __seofread
 .text.__swrite
                0x000000000010ab20       0x68 d:/devkitpro/devkitarm/bin/../lib/gcc/arm-none-eabi/9.1.0/../../../../arm-none-eabi/lib/armv6k/fpu\libg.a(lib_a-stdio.o)
                0x000000000010ab20                __swrite
 .text.__sseek  0x000000000010ab88       0x58 d:/devkitpro/devkitarm/bin/../lib/gcc/arm-none-eabi/9.1.0/../../../../arm-none-eabi/lib/armv6k/fpu\libg.a(lib_a-stdio.o)
                0x000000000010ab88                __sseek
 .text.__sclose
                0x000000000010abe0        0x8 d:/devkitpro/devkitarm/bin/../lib/gcc/arm-none-eabi/9.1.0/../../../../arm-none-eabi/lib/armv6k/fpu\libg.a(lib_a-stdio.o)
                0x000000000010abe0                __sclose
 .text.strlen   0x000000000010abe8       0x5c d:/devkitpro/devkitarm/bin/../lib/gcc/arm-none-eabi/9.1.0/../../../../arm-none-eabi/lib/armv6k/fpu\libg.a(lib_a-strlen-stub.o)
                0x000000000010abe8                strlen
 .text.strncat  0x000000000010ac44       0x98 d:/devkitpro/devkitarm/bin/../lib/gcc/arm-none-eabi/9.1.0/../../../../arm-none-eabi/lib/armv6k/fpu\libg.a(lib_a-strncat.o)
                0x000000000010ac44                strncat
 .text.strncpy  0x000000000010acdc       0xc0 d:/devkitpro/devkitarm/bin/../lib/gcc/arm-none-eabi/9.1.0/../../../../arm-none-eabi/lib/armv6k/fpu\libg.a(lib_a-strncpy.o)
                0x000000000010acdc                strncpy
 .text.strnlen  0x000000000010ad9c       0x48 d:/devkitpro/devkitarm/bin/../lib/gcc/arm-none-eabi/9.1.0/../../../../arm-none-eabi/lib/armv6k/fpu\libg.a(lib_a-strnlen.o)
                0x000000000010ad9c                strnlen
 .text.get_arg  0x000000000010ade4       0x48 d:/devkitpro/devkitarm/bin/../lib/gcc/arm-none-eabi/9.1.0/../../../../arm-none-eabi/lib/armv6k/fpu\libg.a(lib_a-svfscanf.o)
 .text.__ssvfscanf_r
                0x000000000010ae2c     0x2b84 d:/devkitpro/devkitarm/bin/../lib/gcc/arm-none-eabi/9.1.0/../../../../arm-none-eabi/lib/armv6k/fpu\libg.a(lib_a-svfscanf.o)
                0x000000000010ae2c                __ssvfscanf_r
 .text.__sprint_r
                0x000000000010d9b0       0x34 d:/devkitpro/devkitarm/bin/../lib/gcc/arm-none-eabi/9.1.0/../../../../arm-none-eabi/lib/armv6k/fpu\libg.a(lib_a-vfiprintf.o)
                0x000000000010d9b0                __sprint_r
 .text.get_arg  0x000000000010d9e4      0x650 d:/devkitpro/devkitarm/bin/../lib/gcc/arm-none-eabi/9.1.0/../../../../arm-none-eabi/lib/armv6k/fpu\libg.a(lib_a-vfprintf.o)
 *fill*         0x000000000010e034        0x4 
 .text._vfprintf_r
                0x000000000010e038     0x38e0 d:/devkitpro/devkitarm/bin/../lib/gcc/arm-none-eabi/9.1.0/../../../../arm-none-eabi/lib/armv6k/fpu\libg.a(lib_a-vfprintf.o)
                0x000000000010e038                _vfprintf_r
 .text.__sbprintf
                0x0000000000111918       0xd4 d:/devkitpro/devkitarm/bin/../lib/gcc/arm-none-eabi/9.1.0/../../../../arm-none-eabi/lib/armv6k/fpu\libg.a(lib_a-vfprintf.o)
 .text._wcrtomb_r
                0x00000000001119ec       0x54 d:/devkitpro/devkitarm/bin/../lib/gcc/arm-none-eabi/9.1.0/../../../../arm-none-eabi/lib/armv6k/fpu\libg.a(lib_a-wcrtomb.o)
                0x00000000001119ec                _wcrtomb_r
 .text._wcsrtombs_r
                0x0000000000111a40       0x20 d:/devkitpro/devkitarm/bin/../lib/gcc/arm-none-eabi/9.1.0/../../../../arm-none-eabi/lib/armv6k/fpu\libg.a(lib_a-wcsrtombs.o)
                0x0000000000111a40                _wcsrtombs_r
 .text.__swsetup_r
                0x0000000000111a60      0x150 d:/devkitpro/devkitarm/bin/../lib/gcc/arm-none-eabi/9.1.0/../../../../arm-none-eabi/lib/armv6k/fpu\libg.a(lib_a-wsetup.o)
                0x0000000000111a60                __swsetup_r
 .text.__call_exitprocs
                0x0000000000111bb0      0x118 d:/devkitpro/devkitarm/bin/../lib/gcc/arm-none-eabi/9.1.0/../../../../arm-none-eabi/lib/armv6k/fpu\libg.a(lib_a-__call_atexit.o)
                0x0000000000111bb0                __call_exitprocs
 .text.quorem   0x0000000000111cc8      0x1a8 d:/devkitpro/devkitarm/bin/../lib/gcc/arm-none-eabi/9.1.0/../../../../arm-none-eabi/lib/armv6k/fpu\libg.a(lib_a-dtoa.o)
 .text._dtoa_r  0x0000000000111e70     0x12ac d:/devkitpro/devkitarm/bin/../lib/gcc/arm-none-eabi/9.1.0/../../../../arm-none-eabi/lib/armv6k/fpu\libg.a(lib_a-dtoa.o)
                0x0000000000111e70                _dtoa_r
 .text.__sflush_r
                0x000000000011311c      0x278 d:/devkitpro/devkitarm/bin/../lib/gcc/arm-none-eabi/9.1.0/../../../../arm-none-eabi/lib/armv6k/fpu\libg.a(lib_a-fflush.o)
                0x000000000011311c                __sflush_r
 .text._fflush_r
                0x0000000000113394       0x94 d:/devkitpro/devkitarm/bin/../lib/gcc/arm-none-eabi/9.1.0/../../../../arm-none-eabi/lib/armv6k/fpu\libg.a(lib_a-fflush.o)
                0x0000000000113394                _fflush_r
 .text.std      0x0000000000113428       0x78 d:/devkitpro/devkitarm/bin/../lib/gcc/arm-none-eabi/9.1.0/../../../../arm-none-eabi/lib/armv6k/fpu\libg.a(lib_a-findfp.o)
 .text._cleanup_r
                0x00000000001134a0        0xc d:/devkitpro/devkitarm/bin/../lib/gcc/arm-none-eabi/9.1.0/../../../../arm-none-eabi/lib/armv6k/fpu\libg.a(lib_a-findfp.o)
                0x00000000001134a0                _cleanup_r
 .text.__sinit  0x00000000001134ac       0x8c d:/devkitpro/devkitarm/bin/../lib/gcc/arm-none-eabi/9.1.0/../../../../arm-none-eabi/lib/armv6k/fpu\libg.a(lib_a-findfp.o)
                0x00000000001134ac                __sinit
 .text.__sfp_lock_acquire
                0x0000000000113538        0xc d:/devkitpro/devkitarm/bin/../lib/gcc/arm-none-eabi/9.1.0/../../../../arm-none-eabi/lib/armv6k/fpu\libg.a(lib_a-findfp.o)
                0x0000000000113538                __sfp_lock_acquire
 .text.__sfp_lock_release
                0x0000000000113544        0xc d:/devkitpro/devkitarm/bin/../lib/gcc/arm-none-eabi/9.1.0/../../../../arm-none-eabi/lib/armv6k/fpu\libg.a(lib_a-findfp.o)
                0x0000000000113544                __sfp_lock_release
 .text._malloc_trim_r
                0x0000000000113550       0xf8 d:/devkitpro/devkitarm/bin/../lib/gcc/arm-none-eabi/9.1.0/../../../../arm-none-eabi/lib/armv6k/fpu\libg.a(lib_a-freer.o)
                0x0000000000113550                _malloc_trim_r
 .text._free_r  0x0000000000113648      0x2e8 d:/devkitpro/devkitarm/bin/../lib/gcc/arm-none-eabi/9.1.0/../../../../arm-none-eabi/lib/armv6k/fpu\libg.a(lib_a-freer.o)
                0x0000000000113648                _free_r
 .text.__sfvwrite_r
                0x0000000000113930      0x4a4 d:/devkitpro/devkitarm/bin/../lib/gcc/arm-none-eabi/9.1.0/../../../../arm-none-eabi/lib/armv6k/fpu\libg.a(lib_a-fvwrite.o)
                0x0000000000113930                __sfvwrite_r
 .text._fwalk_reent
                0x0000000000113dd4       0x70 d:/devkitpro/devkitarm/bin/../lib/gcc/arm-none-eabi/9.1.0/../../../../arm-none-eabi/lib/armv6k/fpu\libg.a(lib_a-fwalk.o)
                0x0000000000113dd4                _fwalk_reent
 .text.iswspace
                0x0000000000113e44        0x8 d:/devkitpro/devkitarm/bin/../lib/gcc/arm-none-eabi/9.1.0/../../../../arm-none-eabi/lib/armv6k/fpu\libg.a(lib_a-iswspace.o)
                0x0000000000113e44                iswspace
 .text._localeconv_r
                0x0000000000113e4c        0xc d:/devkitpro/devkitarm/bin/../lib/gcc/arm-none-eabi/9.1.0/../../../../arm-none-eabi/lib/armv6k/fpu\libg.a(lib_a-localeconv.o)
                0x0000000000113e4c                _localeconv_r
 .text.__locale_mb_cur_max
                0x0000000000113e58       0x10 d:/devkitpro/devkitarm/bin/../lib/gcc/arm-none-eabi/9.1.0/../../../../arm-none-eabi/lib/armv6k/fpu\libg.a(lib_a-locale.o)
                0x0000000000113e58                __locale_mb_cur_max
 .text.__swhatbuf_r
                0x0000000000113e68       0x94 d:/devkitpro/devkitarm/bin/../lib/gcc/arm-none-eabi/9.1.0/../../../../arm-none-eabi/lib/armv6k/fpu\libg.a(lib_a-makebuf.o)
                0x0000000000113e68                __swhatbuf_r
 .text.__smakebuf_r
                0x0000000000113efc       0xf8 d:/devkitpro/devkitarm/bin/../lib/gcc/arm-none-eabi/9.1.0/../../../../arm-none-eabi/lib/armv6k/fpu\libg.a(lib_a-makebuf.o)
                0x0000000000113efc                __smakebuf_r
 .text._mbrtowc_r
                0x0000000000113ff4       0x60 d:/devkitpro/devkitarm/bin/../lib/gcc/arm-none-eabi/9.1.0/../../../../arm-none-eabi/lib/armv6k/fpu\libg.a(lib_a-mbrtowc.o)
                0x0000000000113ff4                _mbrtowc_r
 .text.__utf8_mbtowc
                0x0000000000114054      0x2fc d:/devkitpro/devkitarm/bin/../lib/gcc/arm-none-eabi/9.1.0/../../../../arm-none-eabi/lib/armv6k/fpu\libg.a(lib_a-mbtowc_r.o)
                0x0000000000114054                __utf8_mbtowc
 .text.memmove  0x0000000000114350      0x154 d:/devkitpro/devkitarm/bin/../lib/gcc/arm-none-eabi/9.1.0/../../../../arm-none-eabi/lib/armv6k/fpu\libg.a(lib_a-memmove.o)
                0x0000000000114350                memmove
 .text._Balloc  0x00000000001144a4       0x88 d:/devkitpro/devkitarm/bin/../lib/gcc/arm-none-eabi/9.1.0/../../../../arm-none-eabi/lib/armv6k/fpu\libg.a(lib_a-mprec.o)
                0x00000000001144a4                _Balloc
 .text._Bfree   0x000000000011452c       0x1c d:/devkitpro/devkitarm/bin/../lib/gcc/arm-none-eabi/9.1.0/../../../../arm-none-eabi/lib/armv6k/fpu\libg.a(lib_a-mprec.o)
                0x000000000011452c                _Bfree
 .text.__multadd
                0x0000000000114548       0xd0 d:/devkitpro/devkitarm/bin/../lib/gcc/arm-none-eabi/9.1.0/../../../../arm-none-eabi/lib/armv6k/fpu\libg.a(lib_a-mprec.o)
                0x0000000000114548                __multadd
 .text.__s2b    0x0000000000114618       0xec d:/devkitpro/devkitarm/bin/../lib/gcc/arm-none-eabi/9.1.0/../../../../arm-none-eabi/lib/armv6k/fpu\libg.a(lib_a-mprec.o)
                0x0000000000114618                __s2b
 .text.__hi0bits
                0x0000000000114704       0x58 d:/devkitpro/devkitarm/bin/../lib/gcc/arm-none-eabi/9.1.0/../../../../arm-none-eabi/lib/armv6k/fpu\libg.a(lib_a-mprec.o)
                0x0000000000114704                __hi0bits
 .text.__lo0bits
                0x000000000011475c       0x9c d:/devkitpro/devkitarm/bin/../lib/gcc/arm-none-eabi/9.1.0/../../../../arm-none-eabi/lib/armv6k/fpu\libg.a(lib_a-mprec.o)
                0x000000000011475c                __lo0bits
 .text.__i2b    0x00000000001147f8       0x20 d:/devkitpro/devkitarm/bin/../lib/gcc/arm-none-eabi/9.1.0/../../../../arm-none-eabi/lib/armv6k/fpu\libg.a(lib_a-mprec.o)
                0x00000000001147f8                __i2b
 .text.__multiply
                0x0000000000114818      0x1e0 d:/devkitpro/devkitarm/bin/../lib/gcc/arm-none-eabi/9.1.0/../../../../arm-none-eabi/lib/armv6k/fpu\libg.a(lib_a-mprec.o)
                0x0000000000114818                __multiply
 .text.__pow5mult
                0x00000000001149f8      0x100 d:/devkitpro/devkitarm/bin/../lib/gcc/arm-none-eabi/9.1.0/../../../../arm-none-eabi/lib/armv6k/fpu\libg.a(lib_a-mprec.o)
                0x00000000001149f8                __pow5mult
 .text.__lshift
                0x0000000000114af8      0x114 d:/devkitpro/devkitarm/bin/../lib/gcc/arm-none-eabi/9.1.0/../../../../arm-none-eabi/lib/armv6k/fpu\libg.a(lib_a-mprec.o)
                0x0000000000114af8                __lshift
 .text.__mcmp   0x0000000000114c0c       0x58 d:/devkitpro/devkitarm/bin/../lib/gcc/arm-none-eabi/9.1.0/../../../../arm-none-eabi/lib/armv6k/fpu\libg.a(lib_a-mprec.o)
                0x0000000000114c0c                __mcmp
 .text.__mdiff  0x0000000000114c64      0x190 d:/devkitpro/devkitarm/bin/../lib/gcc/arm-none-eabi/9.1.0/../../../../arm-none-eabi/lib/armv6k/fpu\libg.a(lib_a-mprec.o)
                0x0000000000114c64                __mdiff
 .text.__ulp    0x0000000000114df4       0x88 d:/devkitpro/devkitarm/bin/../lib/gcc/arm-none-eabi/9.1.0/../../../../arm-none-eabi/lib/armv6k/fpu\libg.a(lib_a-mprec.o)
                0x0000000000114df4                __ulp
 .text.__b2d    0x0000000000114e7c       0xd4 d:/devkitpro/devkitarm/bin/../lib/gcc/arm-none-eabi/9.1.0/../../../../arm-none-eabi/lib/armv6k/fpu\libg.a(lib_a-mprec.o)
                0x0000000000114e7c                __b2d
 .text.__d2b    0x0000000000114f50      0x104 d:/devkitpro/devkitarm/bin/../lib/gcc/arm-none-eabi/9.1.0/../../../../arm-none-eabi/lib/armv6k/fpu\libg.a(lib_a-mprec.o)
                0x0000000000114f50                __d2b
 .text.__ratio  0x0000000000115054       0x84 d:/devkitpro/devkitarm/bin/../lib/gcc/arm-none-eabi/9.1.0/../../../../arm-none-eabi/lib/armv6k/fpu\libg.a(lib_a-mprec.o)
                0x0000000000115054                __ratio
 .text.__copybits
                0x00000000001150d8       0x6c d:/devkitpro/devkitarm/bin/../lib/gcc/arm-none-eabi/9.1.0/../../../../arm-none-eabi/lib/armv6k/fpu\libg.a(lib_a-mprec.o)
                0x00000000001150d8                __copybits
 .text.__any_on
                0x0000000000115144       0x5c d:/devkitpro/devkitarm/bin/../lib/gcc/arm-none-eabi/9.1.0/../../../../arm-none-eabi/lib/armv6k/fpu\libg.a(lib_a-mprec.o)
                0x0000000000115144                __any_on
 .text.realloc  0x00000000001151a0       0x28 d:/devkitpro/devkitarm/bin/../lib/gcc/arm-none-eabi/9.1.0/../../../../arm-none-eabi/lib/armv6k/fpu\libg.a(lib_a-realloc.o)
                0x00000000001151a0                realloc
 .text._realloc_r
                0x00000000001151c8      0x4bc d:/devkitpro/devkitarm/bin/../lib/gcc/arm-none-eabi/9.1.0/../../../../arm-none-eabi/lib/armv6k/fpu\libg.a(lib_a-reallocr.o)
                0x00000000001151c8                _realloc_r
 .text.__sccl   0x0000000000115684       0xe8 d:/devkitpro/devkitarm/bin/../lib/gcc/arm-none-eabi/9.1.0/../../../../arm-none-eabi/lib/armv6k/fpu\libg.a(lib_a-sccl.o)
                0x0000000000115684                __sccl
 .text.nanf     0x000000000011576c        0xc d:/devkitpro/devkitarm/bin/../lib/gcc/arm-none-eabi/9.1.0/../../../../arm-none-eabi/lib/armv6k/fpu\libg.a(lib_a-sf_nan.o)
                0x000000000011576c                nanf
 .text.frexp    0x0000000000115778       0xa8 d:/devkitpro/devkitarm/bin/../lib/gcc/arm-none-eabi/9.1.0/../../../../arm-none-eabi/lib/armv6k/fpu\libg.a(lib_a-s_frexp.o)
                0x0000000000115778                frexp
 .text.sprintf  0x0000000000115820       0x64 d:/devkitpro/devkitarm/bin/../lib/gcc/arm-none-eabi/9.1.0/../../../../arm-none-eabi/lib/armv6k/fpu\libg.a(lib_a-sprintf.o)
                0x0000000000115820                sprintf
 .text.stpncpy  0x0000000000115884       0xb8 d:/devkitpro/devkitarm/bin/../lib/gcc/arm-none-eabi/9.1.0/../../../../arm-none-eabi/lib/armv6k/fpu\libg.a(lib_a-stpncpy.o)
                0x0000000000115884                stpncpy
 .text.strchr   0x000000000011593c      0x144 d:/devkitpro/devkitarm/bin/../lib/gcc/arm-none-eabi/9.1.0/../../../../arm-none-eabi/lib/armv6k/fpu\libg.a(lib_a-strchr.o)
                0x000000000011593c                strchr
 .text.strncmp  0x0000000000115a80       0xec d:/devkitpro/devkitarm/bin/../lib/gcc/arm-none-eabi/9.1.0/../../../../arm-none-eabi/lib/armv6k/fpu\libg.a(lib_a-strncmp.o)
                0x0000000000115a80                strncmp
 .text.sulp     0x0000000000115b6c       0x54 d:/devkitpro/devkitarm/bin/../lib/gcc/arm-none-eabi/9.1.0/../../../../arm-none-eabi/lib/armv6k/fpu\libg.a(lib_a-strtod.o)
 .text._strtod_l
                0x0000000000115bc0     0x1414 d:/devkitpro/devkitarm/bin/../lib/gcc/arm-none-eabi/9.1.0/../../../../arm-none-eabi/lib/armv6k/fpu\libg.a(lib_a-strtod.o)
                0x0000000000115bc0                _strtod_l
 .text._strtod_r
                0x0000000000116fd4        0xc d:/devkitpro/devkitarm/bin/../lib/gcc/arm-none-eabi/9.1.0/../../../../arm-none-eabi/lib/armv6k/fpu\libg.a(lib_a-strtod.o)
                0x0000000000116fd4                _strtod_r
 .text._strtoll_l.isra.0
                0x0000000000116fe0      0x23c d:/devkitpro/devkitarm/bin/../lib/gcc/arm-none-eabi/9.1.0/../../../../arm-none-eabi/lib/armv6k/fpu\libg.a(lib_a-strtoll.o)
 .text._strtoll_r
                0x000000000011721c        0x4 d:/devkitpro/devkitarm/bin/../lib/gcc/arm-none-eabi/9.1.0/../../../../arm-none-eabi/lib/armv6k/fpu\libg.a(lib_a-strtoll.o)
                0x000000000011721c                _strtoll_r
 .text._strtol_l.isra.0
                0x0000000000117220      0x1b4 d:/devkitpro/devkitarm/bin/../lib/gcc/arm-none-eabi/9.1.0/../../../../arm-none-eabi/lib/armv6k/fpu\libg.a(lib_a-strtol.o)
 .text._strtol_r
                0x00000000001173d4        0x4 d:/devkitpro/devkitarm/bin/../lib/gcc/arm-none-eabi/9.1.0/../../../../arm-none-eabi/lib/armv6k/fpu\libg.a(lib_a-strtol.o)
                0x00000000001173d4                _strtol_r
 .text._strtoull_l.isra.0
                0x00000000001173d8      0x24c d:/devkitpro/devkitarm/bin/../lib/gcc/arm-none-eabi/9.1.0/../../../../arm-none-eabi/lib/armv6k/fpu\libg.a(lib_a-strtoull.o)
 .text._strtoull_r
                0x0000000000117624        0x4 d:/devkitpro/devkitarm/bin/../lib/gcc/arm-none-eabi/9.1.0/../../../../arm-none-eabi/lib/armv6k/fpu\libg.a(lib_a-strtoull.o)
                0x0000000000117624                _strtoull_r
 .text._strtoul_l.isra.0
                0x0000000000117628      0x1c8 d:/devkitpro/devkitarm/bin/../lib/gcc/arm-none-eabi/9.1.0/../../../../arm-none-eabi/lib/armv6k/fpu\libg.a(lib_a-strtoul.o)
 .text._strtoul_r
                0x00000000001177f0        0x4 d:/devkitpro/devkitarm/bin/../lib/gcc/arm-none-eabi/9.1.0/../../../../arm-none-eabi/lib/armv6k/fpu\libg.a(lib_a-strtoul.o)
                0x00000000001177f0                _strtoul_r
 .text.__ssprint_r
                0x00000000001177f4      0x188 d:/devkitpro/devkitarm/bin/../lib/gcc/arm-none-eabi/9.1.0/../../../../arm-none-eabi/lib/armv6k/fpu\libg.a(lib_a-svfiprintf.o)
                0x00000000001177f4                __ssprint_r
 .text._sungetc_r
                0x000000000011797c       0xe0 d:/devkitpro/devkitarm/bin/../lib/gcc/arm-none-eabi/9.1.0/../../../../arm-none-eabi/lib/armv6k/fpu\libg.a(lib_a-svfiscanf.o)
                0x000000000011797c                _sungetc_r
 .text.__ssrefill_r
                0x0000000000117a5c       0x6c d:/devkitpro/devkitarm/bin/../lib/gcc/arm-none-eabi/9.1.0/../../../../arm-none-eabi/lib/armv6k/fpu\libg.a(lib_a-svfiscanf.o)
                0x0000000000117a5c                __ssrefill_r
 .text._sfread_r
                0x0000000000117ac8       0xc8 d:/devkitpro/devkitarm/bin/../lib/gcc/arm-none-eabi/9.1.0/../../../../arm-none-eabi/lib/armv6k/fpu\libg.a(lib_a-svfiscanf.o)
                0x0000000000117ac8                _sfread_r
 .text.get_arg  0x0000000000117b90      0x650 d:/devkitpro/devkitarm/bin/../lib/gcc/arm-none-eabi/9.1.0/../../../../arm-none-eabi/lib/armv6k/fpu\libg.a(lib_a-svfprintf.o)
 .text._svfprintf_r
                0x00000000001181e0     0x3814 d:/devkitpro/devkitarm/bin/../lib/gcc/arm-none-eabi/9.1.0/../../../../arm-none-eabi/lib/armv6k/fpu\libg.a(lib_a-svfprintf.o)
                0x00000000001181e0                _svfprintf_r
 .text.__submore
                0x000000000011b9f4       0xa8 d:/devkitpro/devkitarm/bin/../lib/gcc/arm-none-eabi/9.1.0/../../../../arm-none-eabi/lib/armv6k/fpu\libg.a(lib_a-ungetc.o)
                0x000000000011b9f4                __submore
 .text._wcsnrtombs_l
                0x000000000011ba9c      0x190 d:/devkitpro/devkitarm/bin/../lib/gcc/arm-none-eabi/9.1.0/../../../../arm-none-eabi/lib/armv6k/fpu\libg.a(lib_a-wcsnrtombs.o)
                0x000000000011ba9c                _wcsnrtombs_l
 .text._wcsnrtombs_r
                0x000000000011bc2c       0x48 d:/devkitpro/devkitarm/bin/../lib/gcc/arm-none-eabi/9.1.0/../../../../arm-none-eabi/lib/armv6k/fpu\libg.a(lib_a-wcsnrtombs.o)
                0x000000000011bc2c                _wcsnrtombs_r
 .text.__utf8_wctomb
                0x000000000011bc74       0xf0 d:/devkitpro/devkitarm/bin/../lib/gcc/arm-none-eabi/9.1.0/../../../../arm-none-eabi/lib/armv6k/fpu\libg.a(lib_a-wctomb_r.o)
                0x000000000011bc74                __utf8_wctomb
 .text._calloc_r
                0x000000000011bd64       0x94 d:/devkitpro/devkitarm/bin/../lib/gcc/arm-none-eabi/9.1.0/../../../../arm-none-eabi/lib/armv6k/fpu\libg.a(lib_a-callocr.o)
                0x000000000011bd64                _calloc_r
 .text._fclose_r
                0x000000000011bdf8      0x160 d:/devkitpro/devkitarm/bin/../lib/gcc/arm-none-eabi/9.1.0/../../../../arm-none-eabi/lib/armv6k/fpu\libg.a(lib_a-fclose.o)
                0x000000000011bdf8                _fclose_r
 .text.rshift   0x000000000011bf58       0xec d:/devkitpro/devkitarm/bin/../lib/gcc/arm-none-eabi/9.1.0/../../../../arm-none-eabi/lib/armv6k/fpu\libg.a(lib_a-gdtoa-gethex.o)
 .text.__gethex
                0x000000000011c044      0x828 d:/devkitpro/devkitarm/bin/../lib/gcc/arm-none-eabi/9.1.0/../../../../arm-none-eabi/lib/armv6k/fpu\libg.a(lib_a-gdtoa-gethex.o)
                0x000000000011c044                __gethex
 .text.__match  0x000000000011c86c       0x60 d:/devkitpro/devkitarm/bin/../lib/gcc/arm-none-eabi/9.1.0/../../../../arm-none-eabi/lib/armv6k/fpu\libg.a(lib_a-gdtoa-hexnan.o)
                0x000000000011c86c                __match
 .text.__hexnan
                0x000000000011c8cc      0x28c d:/devkitpro/devkitarm/bin/../lib/gcc/arm-none-eabi/9.1.0/../../../../arm-none-eabi/lib/armv6k/fpu\libg.a(lib_a-gdtoa-hexnan.o)
                0x000000000011c8cc                __hexnan
 .text.iswspace_l
                0x000000000011cb58       0x3c d:/devkitpro/devkitarm/bin/../lib/gcc/arm-none-eabi/9.1.0/../../../../arm-none-eabi/lib/armv6k/fpu\libg.a(lib_a-iswspace_l.o)
                0x000000000011cb58                iswspace_l
 .text.__jp2uc  0x000000000011cb94      0x1e0 d:/devkitpro/devkitarm/bin/../lib/gcc/arm-none-eabi/9.1.0/../../../../arm-none-eabi/lib/armv6k/fpu\libg.a(lib_a-jp2uc.o)
 .text._jp2uc_l
                0x000000000011cd74       0x94 d:/devkitpro/devkitarm/bin/../lib/gcc/arm-none-eabi/9.1.0/../../../../arm-none-eabi/lib/armv6k/fpu\libg.a(lib_a-jp2uc.o)
                0x000000000011cd74                _jp2uc_l
 .text.nan      0x000000000011ce08       0x10 d:/devkitpro/devkitarm/bin/../lib/gcc/arm-none-eabi/9.1.0/../../../../arm-none-eabi/lib/armv6k/fpu\libg.a(lib_a-s_nan.o)
                0x000000000011ce08                nan
 .text.category
                0x000000000011ce18       0x88 d:/devkitpro/devkitarm/bin/../lib/gcc/arm-none-eabi/9.1.0/../../../../arm-none-eabi/lib/armv6k/fpu\libg.a(lib_a-categories.o)
                0x000000000011ce18                category
 .text.null_write
                0x000000000011cea0        0x8 d:/devkitpro/devkitarm/bin/../lib/gcc/arm-none-eabi/9.1.0/../../../../arm-none-eabi/lib/armv6k/fpu\libsysbase.a(iosupport.o)
 .text.setDefaultDevice
                0x000000000011cea8       0x18 d:/devkitpro/devkitarm/bin/../lib/gcc/arm-none-eabi/9.1.0/../../../../arm-none-eabi/lib/armv6k/fpu\libsysbase.a(iosupport.o)
                0x000000000011cea8                setDefaultDevice
 .text.FindDevice
                0x000000000011cec0       0xc8 d:/devkitpro/devkitarm/bin/../lib/gcc/arm-none-eabi/9.1.0/../../../../arm-none-eabi/lib/armv6k/fpu\libsysbase.a(iosupport.o)
                0x000000000011cec0                FindDevice
 .text.RemoveDevice
                0x000000000011cf88       0x28 d:/devkitpro/devkitarm/bin/../lib/gcc/arm-none-eabi/9.1.0/../../../../arm-none-eabi/lib/armv6k/fpu\libsysbase.a(iosupport.o)
                0x000000000011cf88                RemoveDevice
 .text.AddDevice
                0x000000000011cfb0       0x9c d:/devkitpro/devkitarm/bin/../lib/gcc/arm-none-eabi/9.1.0/../../../../arm-none-eabi/lib/armv6k/fpu\libsysbase.a(iosupport.o)
                0x000000000011cfb0                AddDevice
 .text._fstat_r
                0x000000000011d04c       0x78 d:/devkitpro/devkitarm/bin/../lib/gcc/arm-none-eabi/9.1.0/../../../../arm-none-eabi/lib/armv6k/fpu\libsysbase.a(fstat.o)
                0x000000000011d04c                _fstat_r
 .text._isatty_r
                0x000000000011d0c4        0x8 d:/devkitpro/devkitarm/bin/../lib/gcc/arm-none-eabi/9.1.0/../../../../arm-none-eabi/lib/armv6k/fpu\libsysbase.a(isatty.o)
                0x000000000011d0c4                _isatty_r
 .text._lseek_r
                0x000000000011d0cc       0x84 d:/devkitpro/devkitarm/bin/../lib/gcc/arm-none-eabi/9.1.0/../../../../arm-none-eabi/lib/armv6k/fpu\libsysbase.a(lseek.o)
                0x000000000011d0cc                _lseek_r
 .text._read_r  0x000000000011d150       0x80 d:/devkitpro/devkitarm/bin/../lib/gcc/arm-none-eabi/9.1.0/../../../../arm-none-eabi/lib/armv6k/fpu\libsysbase.a(read.o)
                0x000000000011d150                _read_r
 .text._sbrk_r  0x000000000011d1d0       0x78 d:/devkitpro/devkitarm/bin/../lib/gcc/arm-none-eabi/9.1.0/../../../../arm-none-eabi/lib/armv6k/fpu\libsysbase.a(sbrk.o)
                0x000000000011d1d0                _sbrk_r
 .text._write_r
                0x000000000011d248       0x80 d:/devkitpro/devkitarm/bin/../lib/gcc/arm-none-eabi/9.1.0/../../../../arm-none-eabi/lib/armv6k/fpu\libsysbase.a(write.o)
                0x000000000011d248                _write_r
 .text._exit    0x000000000011d2c8       0x24 d:/devkitpro/devkitarm/bin/../lib/gcc/arm-none-eabi/9.1.0/../../../../arm-none-eabi/lib/armv6k/fpu\libsysbase.a(_exit.o)
                0x000000000011d2c8                _exit
 .text._concatenate_path
                0x000000000011d2ec      0x1bc d:/devkitpro/devkitarm/bin/../lib/gcc/arm-none-eabi/9.1.0/../../../../arm-none-eabi/lib/armv6k/fpu\libsysbase.a(chdir.o)
                0x000000000011d2ec                _concatenate_path
 .text.chdir    0x000000000011d4a8      0x15c d:/devkitpro/devkitarm/bin/../lib/gcc/arm-none-eabi/9.1.0/../../../../arm-none-eabi/lib/armv6k/fpu\libsysbase.a(chdir.o)
                0x000000000011d4a8                chdir
 .text.__flockfile
                0x000000000011d604        0x8 d:/devkitpro/devkitarm/bin/../lib/gcc/arm-none-eabi/9.1.0/../../../../arm-none-eabi/lib/armv6k/fpu\libsysbase.a(flock.o)
                0x000000000011d604                __flockfile
 .text.__funlockfile
                0x000000000011d60c        0x8 d:/devkitpro/devkitarm/bin/../lib/gcc/arm-none-eabi/9.1.0/../../../../arm-none-eabi/lib/armv6k/fpu\libsysbase.a(flock.o)
                0x000000000011d60c                __funlockfile
 .text.__libc_lock_acquire
                0x000000000011d614       0x18 d:/devkitpro/devkitarm/bin/../lib/gcc/arm-none-eabi/9.1.0/../../../../arm-none-eabi/lib/armv6k/fpu\libsysbase.a(syscall_support.o)
                0x000000000011d614                __libc_lock_acquire
 .text.__libc_lock_release
                0x000000000011d62c       0x18 d:/devkitpro/devkitarm/bin/../lib/gcc/arm-none-eabi/9.1.0/../../../../arm-none-eabi/lib/armv6k/fpu\libsysbase.a(syscall_support.o)
                0x000000000011d62c                __libc_lock_release
 .text.__libc_lock_init_recursive
                0x000000000011d644       0x18 d:/devkitpro/devkitarm/bin/../lib/gcc/arm-none-eabi/9.1.0/../../../../arm-none-eabi/lib/armv6k/fpu\libsysbase.a(syscall_support.o)
                0x000000000011d644                __libc_lock_init_recursive
 .text.__libc_lock_acquire_recursive
                0x000000000011d65c       0x18 d:/devkitpro/devkitarm/bin/../lib/gcc/arm-none-eabi/9.1.0/../../../../arm-none-eabi/lib/armv6k/fpu\libsysbase.a(syscall_support.o)
                0x000000000011d65c                __libc_lock_acquire_recursive
 .text.__libc_lock_release_recursive
                0x000000000011d674       0x18 d:/devkitpro/devkitarm/bin/../lib/gcc/arm-none-eabi/9.1.0/../../../../arm-none-eabi/lib/armv6k/fpu\libsysbase.a(syscall_support.o)
                0x000000000011d674                __libc_lock_release_recursive
 .text.__libc_lock_close_recursive
                0x000000000011d68c       0x18 d:/devkitpro/devkitarm/bin/../lib/gcc/arm-none-eabi/9.1.0/../../../../arm-none-eabi/lib/armv6k/fpu\libsysbase.a(syscall_support.o)
                0x000000000011d68c                __libc_lock_close_recursive
 .text.__get_handle
                0x000000000011d6a4       0x3c d:/devkitpro/devkitarm/bin/../lib/gcc/arm-none-eabi/9.1.0/../../../../arm-none-eabi/lib/armv6k/fpu\libsysbase.a(handle_manager.o)
                0x000000000011d6a4                __get_handle
 .text._close_r
                0x000000000011d6e0       0xf8 d:/devkitpro/devkitarm/bin/../lib/gcc/arm-none-eabi/9.1.0/../../../../arm-none-eabi/lib/armv6k/fpu\libsysbase.a(handle_manager.o)
                0x000000000011d6e0                _close_r
 .text.__getreent
                0x000000000011d7d8       0x28 d:/devkitpro/devkitarm/bin/../lib/gcc/arm-none-eabi/9.1.0/../../../../arm-none-eabi/lib/armv6k/fpu\libsysbase.a(getreent.o)
                0x000000000011d7d8                __getreent
 .text.strrchr  0x000000000011d800       0x44 d:/devkitpro/devkitarm/bin/../lib/gcc/arm-none-eabi/9.1.0/../../../../arm-none-eabi/lib/armv6k/fpu\libg.a(lib_a-strrchr.o)
                0x000000000011d800                strrchr
 *(.glue_7)
 .glue_7        0x000000000011d844        0x0 linker stubs
 *(.glue_7t)
 .glue_7t       0x000000000011d844        0x0 linker stubs
 *(.stub)
 *(.gnu.warning)
 *(.gnu.linkonce.t*)
                0x000000000011d844                . = ALIGN (0x4)
 *(.fini)
 .fini          0x000000000011d844        0xc d:/devkitpro/devkitarm/bin/../lib/gcc/arm-none-eabi/9.1.0/armv6k/fpu/crti.o
                0x000000000011d844                _fini
 .fini          0x000000000011d850        0xc d:/devkitpro/devkitarm/bin/../lib/gcc/arm-none-eabi/9.1.0/armv6k/fpu/crtn.o
                0x000000000011d85c                . = ALIGN (0x4)

.vfp11_veneer   0x000000000011d85c        0x0
 .vfp11_veneer  0x000000000011d85c        0x0 linker stubs

.v4_bx          0x000000000011d85c        0x0
 .v4_bx         0x000000000011d85c        0x0 linker stubs

.iplt           0x000000000011d85c        0x0
 .iplt          0x000000000011d85c        0x0 d:/devkitpro/devkitarm/bin/../lib/gcc/arm-none-eabi/9.1.0/../../../../arm-none-eabi/lib/armv6k/fpu/3dsx_crt0.o
                0x000000000011e000                . = ALIGN (0x1000)

.rodata         0x000000000011e000     0x8014
 *(.rodata)
 .rodata        0x000000000011e000      0x900 fileformat.o
 .rodata        0x000000000011e900      0x804 D:/devkitPro/libctru/lib\libctru.a(default_font.bin.o)
                0x000000000011e900                default_font_bin
                0x000000000011f100                default_font_bin_size
                0x000000000011f100                default_font_bin_end
 .rodata        0x000000000011f104        0xc D:/devkitPro/libctru/lib\libctru.a(sdmc_dev.o)
 *(.roda)
 *(.rodata.*)
 .rodata.str1.4
                0x000000000011f110       0xaa wolf.o
 *fill*         0x000000000011f1ba        0x2 
 .rodata.str1.4
                0x000000000011f1bc       0x2d interact.o
 *fill*         0x000000000011f1e9        0x3 
 .rodata.str1.4
                0x000000000011f1ec       0x1e key_input.o
 *fill*         0x000000000011f20a        0x2 
 .rodata.con_write.str1.4
                0x000000000011f20c       0x52 D:/devkitPro/libctru/lib\libctru.a(console.o)
 *fill*         0x000000000011f25e        0x2 
 .rodata.str1.4
                0x000000000011f260       0x10 D:/devkitPro/libctru/lib\libctru.a(console.o)
 .rodata.colorTable
                0x000000000011f270       0x30 D:/devkitPro/libctru/lib\libctru.a(console.o)
 .rodata.dotab_stdout
                0x000000000011f2a0       0x70 D:/devkitPro/libctru/lib\libctru.a(console.o)
 .rodata.CSWTCH.62
                0x000000000011f310       0x14 D:/devkitPro/libctru/lib\libctru.a(gfx.o)
 .rodata.framebufferInfoSt
                0x000000000011f324        0x8 D:/devkitPro/libctru/lib\libctru.a(gfx.o)
 .rodata.gspInit.str1.4
                0x000000000011f32c        0x9 D:/devkitPro/libctru/lib\libctru.a(gspgpu.o)
 *fill*         0x000000000011f335        0x3 
 .rodata.aptSendCommand.str1.4
                0x000000000011f338       0x16 D:/devkitPro/libctru/lib\libctru.a(apt.o)
 *fill*         0x000000000011f34e        0x2 
 .rodata.hidInit.str1.4
                0x000000000011f350       0x15 D:/devkitPro/libctru/lib\libctru.a(hid.o)
 *fill*         0x000000000011f365        0x3 
 .rodata.srvInit.str1.4
                0x000000000011f368        0x5 D:/devkitPro/libctru/lib\libctru.a(srv.o)
 *fill*         0x000000000011f36d        0x3 
 .rodata.irrstInit.str1.4
                0x000000000011f370        0x7 D:/devkitPro/libctru/lib\libctru.a(irrst.o)
 *fill*         0x000000000011f377        0x1 
 .rodata.ptmSysmInit.str1.4
                0x000000000011f378        0x9 D:/devkitPro/libctru/lib\libctru.a(ptmsysm.o)
 *fill*         0x000000000011f381        0x3 
 .rodata.str1.4
                0x000000000011f384        0x5 D:/devkitPro/libctru/lib\libctru.a(sdmc_dev.o)
                                          0x9 (size before relaxing)
 *fill*         0x000000000011f389        0x3 
 .rodata.sdmcExit.str1.4
                0x000000000011f38c        0x6 D:/devkitPro/libctru/lib\libctru.a(sdmc_dev.o)
 *fill*         0x000000000011f392        0x2 
 .rodata.error_table
                0x000000000011f394       0x30 D:/devkitPro/libctru/lib\libctru.a(sdmc_dev.o)
 .rodata.fsInit.str1.4
                0x000000000011f3c4        0x8 D:/devkitPro/libctru/lib\libctru.a(fs.o)
 .rodata._global_impure_ptr
                0x000000000011f3cc        0x4 d:/devkitpro/devkitarm/bin/../lib/gcc/arm-none-eabi/9.1.0/../../../../arm-none-eabi/lib/armv6k/fpu\libg.a(lib_a-impure.o)
                0x000000000011f3cc                _global_impure_ptr
 .rodata.__ssvfscanf_r.str1.1
                0x000000000011f3d0        0x5 d:/devkitpro/devkitarm/bin/../lib/gcc/arm-none-eabi/9.1.0/../../../../arm-none-eabi/lib/armv6k/fpu\libg.a(lib_a-svfscanf.o)
                                          0x6 (size before relaxing)
 *fill*         0x000000000011f3d5        0x3 
 .rodata.basefix.8820
                0x000000000011f3d8       0x22 d:/devkitpro/devkitarm/bin/../lib/gcc/arm-none-eabi/9.1.0/../../../../arm-none-eabi/lib/armv6k/fpu\libg.a(lib_a-svfscanf.o)
 .rodata._vfprintf_r.str1.1
                0x000000000011f3fa       0x3b d:/devkitpro/devkitarm/bin/../lib/gcc/arm-none-eabi/9.1.0/../../../../arm-none-eabi/lib/armv6k/fpu\libg.a(lib_a-vfprintf.o)
 *fill*         0x000000000011f435        0x3 
 .rodata.blanks.8791
                0x000000000011f438       0x10 d:/devkitpro/devkitarm/bin/../lib/gcc/arm-none-eabi/9.1.0/../../../../arm-none-eabi/lib/armv6k/fpu\libg.a(lib_a-vfprintf.o)
 .rodata.zeroes.8792
                0x000000000011f448       0x10 d:/devkitpro/devkitarm/bin/../lib/gcc/arm-none-eabi/9.1.0/../../../../arm-none-eabi/lib/armv6k/fpu\libg.a(lib_a-vfprintf.o)
 .rodata._ctype_
                0x000000000011f458      0x101 d:/devkitpro/devkitarm/bin/../lib/gcc/arm-none-eabi/9.1.0/../../../../arm-none-eabi/lib/armv6k/fpu\libg.a(lib_a-ctype_.o)
                0x000000000011f458                _ctype_
 *fill*         0x000000000011f559        0x3 
 .rodata._dtoa_r.str1.4
                0x000000000011f55c       0x12 d:/devkitpro/devkitarm/bin/../lib/gcc/arm-none-eabi/9.1.0/../../../../arm-none-eabi/lib/armv6k/fpu\libg.a(lib_a-dtoa.o)
 *fill*         0x000000000011f56e        0x2 
 .rodata.str1.4
                0x000000000011f570       0x44 d:/devkitpro/devkitarm/bin/../lib/gcc/arm-none-eabi/9.1.0/../../../../arm-none-eabi/lib/armv6k/fpu\libg.a(lib_a-locale.o)
                                         0x4c (size before relaxing)
 .rodata._mbrtowc_r.str1.4
                0x000000000011f5b4        0x1 d:/devkitpro/devkitarm/bin/../lib/gcc/arm-none-eabi/9.1.0/../../../../arm-none-eabi/lib/armv6k/fpu\libg.a(lib_a-mbrtowc.o)
 *fill*         0x000000000011f5b4        0x4 
 .rodata.__mprec_bigtens
                0x000000000011f5b8       0x28 d:/devkitpro/devkitarm/bin/../lib/gcc/arm-none-eabi/9.1.0/../../../../arm-none-eabi/lib/armv6k/fpu\libg.a(lib_a-mprec.o)
                0x000000000011f5b8                __mprec_bigtens
 .rodata.__mprec_tens
                0x000000000011f5e0       0xc8 d:/devkitpro/devkitarm/bin/../lib/gcc/arm-none-eabi/9.1.0/../../../../arm-none-eabi/lib/armv6k/fpu\libg.a(lib_a-mprec.o)
                0x000000000011f5e0                __mprec_tens
 .rodata.p05.7510
                0x000000000011f6a8        0xc d:/devkitpro/devkitarm/bin/../lib/gcc/arm-none-eabi/9.1.0/../../../../arm-none-eabi/lib/armv6k/fpu\libg.a(lib_a-mprec.o)
 .rodata._strtod_l.str1.4
                0x000000000011f6b4        0xf d:/devkitpro/devkitarm/bin/../lib/gcc/arm-none-eabi/9.1.0/../../../../arm-none-eabi/lib/armv6k/fpu\libg.a(lib_a-strtod.o)
                                         0x11 (size before relaxing)
 *fill*         0x000000000011f6c3        0x1 
 .rodata.fpi.7590
                0x000000000011f6c4       0x14 d:/devkitpro/devkitarm/bin/../lib/gcc/arm-none-eabi/9.1.0/../../../../arm-none-eabi/lib/armv6k/fpu\libg.a(lib_a-strtod.o)
 .rodata.fpinan.7626
                0x000000000011f6d8       0x14 d:/devkitpro/devkitarm/bin/../lib/gcc/arm-none-eabi/9.1.0/../../../../arm-none-eabi/lib/armv6k/fpu\libg.a(lib_a-strtod.o)
 *fill*         0x000000000011f6ec        0x4 
 .rodata.tinytens
                0x000000000011f6f0       0x28 d:/devkitpro/devkitarm/bin/../lib/gcc/arm-none-eabi/9.1.0/../../../../arm-none-eabi/lib/armv6k/fpu\libg.a(lib_a-strtod.o)
 .rodata.__action_table
                0x000000000011f718       0x6c d:/devkitpro/devkitarm/bin/../lib/gcc/arm-none-eabi/9.1.0/../../../../arm-none-eabi/lib/armv6k/fpu\libg.a(lib_a-svfiprintf.o)
                0x000000000011f718                __action_table
 .rodata.__chclass
                0x000000000011f784      0x100 d:/devkitpro/devkitarm/bin/../lib/gcc/arm-none-eabi/9.1.0/../../../../arm-none-eabi/lib/armv6k/fpu\libg.a(lib_a-svfiprintf.o)
                0x000000000011f784                __chclass
 .rodata.__state_table
                0x000000000011f884       0x6c d:/devkitpro/devkitarm/bin/../lib/gcc/arm-none-eabi/9.1.0/../../../../arm-none-eabi/lib/armv6k/fpu\libg.a(lib_a-svfiprintf.o)
                0x000000000011f884                __state_table
 .rodata._svfprintf_r.str1.1
                0x000000000011f8f0       0x3b d:/devkitpro/devkitarm/bin/../lib/gcc/arm-none-eabi/9.1.0/../../../../arm-none-eabi/lib/armv6k/fpu\libg.a(lib_a-svfprintf.o)
 .rodata.blanks.8776
                0x000000000011f8f0       0x10 d:/devkitpro/devkitarm/bin/../lib/gcc/arm-none-eabi/9.1.0/../../../../arm-none-eabi/lib/armv6k/fpu\libg.a(lib_a-svfprintf.o)
 .rodata.zeroes.8777
                0x000000000011f900       0x10 d:/devkitpro/devkitarm/bin/../lib/gcc/arm-none-eabi/9.1.0/../../../../arm-none-eabi/lib/armv6k/fpu\libg.a(lib_a-svfprintf.o)
 .rodata.__hexdig
                0x000000000011f910      0x100 d:/devkitpro/devkitarm/bin/../lib/gcc/arm-none-eabi/9.1.0/../../../../arm-none-eabi/lib/armv6k/fpu\libg.a(lib_a-gdtoa-gethex.o)
                0x000000000011f910                __hexdig
 .rodata._jp2uc_l.str1.4
                0x000000000011fa10       0x12 d:/devkitpro/devkitarm/bin/../lib/gcc/arm-none-eabi/9.1.0/../../../../arm-none-eabi/lib/armv6k/fpu\libg.a(lib_a-jp2uc.o)
 *fill*         0x000000000011fa22        0x2 
 .rodata.a1     0x000000000011fa24       0xbc d:/devkitpro/devkitarm/bin/../lib/gcc/arm-none-eabi/9.1.0/../../../../arm-none-eabi/lib/armv6k/fpu\libg.a(lib_a-jp2uc.o)
 .rodata.a2     0x000000000011fae0       0xbc d:/devkitpro/devkitarm/bin/../lib/gcc/arm-none-eabi/9.1.0/../../../../arm-none-eabi/lib/armv6k/fpu\libg.a(lib_a-jp2uc.o)
 .rodata.a3     0x000000000011fb9c       0x5b d:/devkitpro/devkitarm/bin/../lib/gcc/arm-none-eabi/9.1.0/../../../../arm-none-eabi/lib/armv6k/fpu\libg.a(lib_a-jp2uc.o)
 *fill*         0x000000000011fbf7        0x1 
 .rodata.a6     0x000000000011fbf8       0x70 d:/devkitpro/devkitarm/bin/../lib/gcc/arm-none-eabi/9.1.0/../../../../arm-none-eabi/lib/armv6k/fpu\libg.a(lib_a-jp2uc.o)
 .rodata.a7     0x000000000011fc68       0xa2 d:/devkitpro/devkitarm/bin/../lib/gcc/arm-none-eabi/9.1.0/../../../../arm-none-eabi/lib/armv6k/fpu\libg.a(lib_a-jp2uc.o)
 *fill*         0x000000000011fd0a        0x2 
 .rodata.a8     0x000000000011fd0c       0x40 d:/devkitpro/devkitarm/bin/../lib/gcc/arm-none-eabi/9.1.0/../../../../arm-none-eabi/lib/armv6k/fpu\libg.a(lib_a-jp2uc.o)
 .rodata.b02cf  0x000000000011fd4c     0x172a d:/devkitpro/devkitarm/bin/../lib/gcc/arm-none-eabi/9.1.0/../../../../arm-none-eabi/lib/armv6k/fpu\libg.a(lib_a-jp2uc.o)
 *fill*         0x0000000000121476        0x2 
 .rodata.d02f4  0x0000000000121478     0x1a7c d:/devkitpro/devkitarm/bin/../lib/gcc/arm-none-eabi/9.1.0/../../../../arm-none-eabi/lib/armv6k/fpu\libg.a(lib_a-jp2uc.o)
 .rodata.str1.4
                0x0000000000122ef4        0x5 d:/devkitpro/devkitarm/bin/../lib/gcc/arm-none-eabi/9.1.0/../../../../arm-none-eabi/lib/armv6k/fpu\libg.a(lib_a-lnumeric.o)
 .rodata._C_numeric_locale
                0x0000000000122ef4        0xc d:/devkitpro/devkitarm/bin/../lib/gcc/arm-none-eabi/9.1.0/../../../../arm-none-eabi/lib/armv6k/fpu\libg.a(lib_a-lnumeric.o)
                0x0000000000122ef4                _C_numeric_locale
 .rodata.categories
                0x0000000000122f00     0x309c d:/devkitpro/devkitarm/bin/../lib/gcc/arm-none-eabi/9.1.0/../../../../arm-none-eabi/lib/armv6k/fpu\libg.a(lib_a-categories.o)
 .rodata.AddDevice.str1.4
                0x0000000000125f9c        0x8 d:/devkitpro/devkitarm/bin/../lib/gcc/arm-none-eabi/9.1.0/../../../../arm-none-eabi/lib/armv6k/fpu\libsysbase.a(iosupport.o)
 .rodata.dotab_stdnull
                0x0000000000125fa4       0x70 d:/devkitpro/devkitarm/bin/../lib/gcc/arm-none-eabi/9.1.0/../../../../arm-none-eabi/lib/armv6k/fpu\libsysbase.a(iosupport.o)
                0x0000000000125fa4                dotab_stdnull
 *all.rodata*(*)
 *(.gnu.linkonce.r*)
                0x0000000000126014                . = ALIGN (0x4)

.eh_frame       0x0000000000126014        0x0
 .eh_frame      0x0000000000126014        0x0 d:/devkitpro/devkitarm/bin/../lib/gcc/arm-none-eabi/9.1.0/armv6k/fpu/crtbegin.o

.rel.dyn        0x0000000000126014        0x0
 .rel.iplt      0x0000000000126014        0x0 d:/devkitpro/devkitarm/bin/../lib/gcc/arm-none-eabi/9.1.0/../../../../arm-none-eabi/lib/armv6k/fpu/3dsx_crt0.o

.ARM.extab
 *(.ARM.extab* .gnu.linkonce.armextab.*)
                0x0000000000126014                __exidx_start = .

ARM.exidx
 *(.ARM.exidx* .gnu.linkonce.armexidx.*)
                0x0000000000126014                __exidx_end = .
                0x0000000000127000                . = ALIGN (0x1000)

.data           0x0000000000127000     0x23b8
 *(.data)
 .data          0x0000000000127000        0x4 D:/devkitPro/libctru/lib\libctru.a(stack_adjust.o)
                0x0000000000127000                __stacksize__
 *(.data.*)
 .data.currentConsole
                0x0000000000127004        0x4 D:/devkitPro/libctru/lib\libctru.a(console.o)
                0x0000000000127004                currentConsole
 .data.defaultConsole
                0x0000000000127008       0x4c D:/devkitPro/libctru/lib\libctru.a(console.o)
                0x0000000000127008                defaultConsole
 .data.firstConsoleInit.8429
                0x0000000000127054        0x1 D:/devkitPro/libctru/lib\libctru.a(console.o)
 .data.botFormat
                0x0000000000127055        0x1 D:/devkitPro/libctru/lib\libctru.a(gfx.o)
 *fill*         0x0000000000127056        0x2 
 .data.doubleBuf
                0x0000000000127058        0x8 D:/devkitPro/libctru/lib\libctru.a(gfx.o)
 .data.topFormat
                0x0000000000127060        0x1 D:/devkitPro/libctru/lib\libctru.a(gfx.o)
 *fill*         0x0000000000127061        0x3 
 .data.gspLastEvent
                0x0000000000127064        0x4 D:/devkitPro/libctru/lib\libctru.a(gspgpu.o)
 .data.aptFlags
                0x0000000000127068        0x4 D:/devkitPro/libctru/lib\libctru.a(apt.o)
 .data.aptHomeAllowed
                0x000000000012706c        0x1 D:/devkitPro/libctru/lib\libctru.a(apt.o)
 *fill*         0x000000000012706d        0x3 
 .data.__ctru_linear_heap_size
                0x0000000000127070        0x4 D:/devkitPro/libctru/lib\libctru.a(allocateHeaps.o)
                0x0000000000127070                __ctru_linear_heap_size
 .data.__cwd    0x0000000000127074      0x401 D:/devkitPro/libctru/lib\libctru.a(sdmc_dev.o)